Command line invocation:
    /Applications/Xcode.app/Contents/Developer/usr/bin/xcodebuild -scheme Fathom -destination "generic/platform=iOS Simulator" build

Resolve Package Graph


Resolved source packages:
  swift-clocks: https://github.com/pointfreeco/swift-clocks @ 1.0.6
  swift-concurrency-extras: https://github.com/pointfreeco/swift-concurrency-extras @ 1.3.2
  ReadiumFuzi: https://github.com/readium/Fuzi.git @ 4.0.0
  swift-http-types: https://github.com/apple/swift-http-types.git @ 1.5.1
  swift-crypto: https://github.com/apple/swift-crypto.git @ 4.5.0
  Readium: https://github.com/readium/swift-toolkit.git @ 3.7.0
  swift-asn1: https://github.com/apple/swift-asn1.git @ 1.7.0
  GRDB: https://github.com/groue/GRDB.swift @ 7.10.0
  Zip: https://github.com/marmelroy/Zip.git @ 2.1.2
  SQLite.swift: https://github.com/stephencelis/SQLite.swift.git @ 0.15.5
  Supabase: https://github.com/supabase/supabase-swift.git @ 2.46.0
  DifferenceKit: https://github.com/ra1028/DifferenceKit.git @ 1.3.0
  xctest-dynamic-overlay: https://github.com/pointfreeco/xctest-dynamic-overlay @ 1.9.0
  LRUCache: https://github.com/nicklockwood/LRUCache.git @ 1.2.1
  GCDWebServer: https://github.com/readium/GCDWebServer.git @ 4.0.1
  CryptoSwift: https://github.com/krzyzanowskim/CryptoSwift.git @ 1.9.0
  SwiftSoup: https://github.com/scinfu/SwiftSoup.git @ 2.11.3
  ReadiumZIPFoundation: https://github.com/readium/ZIPFoundation.git @ 3.0.1
  swift-atomics: https://github.com/apple/swift-atomics.git @ 1.3.0

ComputePackagePrebuildTargetDependencyGraph

Prepare packages

CreateBuildRequest

SendProjectDescription

CreateBuildOperation

ComputeTargetDependencyGraph
note: Building targets in dependency order
note: Target dependency graph (56 targets)
    Target 'Fathom' in project 'Fathom'
        ➜ Explicit dependency on target 'ReadiumNavigator' in project 'Readium'
        ➜ Explicit dependency on target 'GRDB' in project 'GRDB'
        ➜ Explicit dependency on target 'Auth' in project 'Supabase'
        ➜ Explicit dependency on target 'ReadiumAdapterGCDWebServer' in project 'Readium'
        ➜ Explicit dependency on target 'ReadiumStreamer' in project 'Readium'
        ➜ Explicit dependency on target 'ReadiumShared' in project 'Readium'
    Target 'ReadiumShared' in project 'Readium'
        ➜ Explicit dependency on target 'ReadiumShared' in project 'Readium'
        ➜ Explicit dependency on target 'Readium_ReadiumShared' in project 'Readium'
        ➜ Explicit dependency on target 'ReadiumInternal' in project 'Readium'
        ➜ Explicit dependency on target 'SwiftSoup' in project 'SwiftSoup'
        ➜ Explicit dependency on target 'Zip' in project 'Zip'
        ➜ Explicit dependency on target 'ReadiumFuzi' in project 'ReadiumFuzi'
        ➜ Explicit dependency on target 'ReadiumZIPFoundation' in project 'ReadiumZIPFoundation'
    Target 'ReadiumStreamer' in project 'Readium'
        ➜ Explicit dependency on target 'ReadiumStreamer' in project 'Readium'
        ➜ Explicit dependency on target 'Readium_ReadiumStreamer' in project 'Readium'
        ➜ Explicit dependency on target 'ReadiumInternal' in project 'Readium'
        ➜ Explicit dependency on target 'ReadiumShared' in project 'Readium'
        ➜ Explicit dependency on target 'SwiftSoup' in project 'SwiftSoup'
        ➜ Explicit dependency on target 'Zip' in project 'Zip'
        ➜ Explicit dependency on target 'ReadiumFuzi' in project 'ReadiumFuzi'
        ➜ Explicit dependency on target 'ReadiumZIPFoundation' in project 'ReadiumZIPFoundation'
        ➜ Explicit dependency on target 'CryptoSwift' in project 'CryptoSwift'
    Target 'ReadiumStreamer' in project 'Readium'
        ➜ Explicit dependency on target 'Readium_ReadiumStreamer' in project 'Readium'
        ➜ Explicit dependency on target 'ReadiumInternal' in project 'Readium'
        ➜ Explicit dependency on target 'ReadiumShared' in project 'Readium'
        ➜ Explicit dependency on target 'SwiftSoup' in project 'SwiftSoup'
        ➜ Explicit dependency on target 'Zip' in project 'Zip'
        ➜ Explicit dependency on target 'ReadiumFuzi' in project 'ReadiumFuzi'
        ➜ Explicit dependency on target 'ReadiumZIPFoundation' in project 'ReadiumZIPFoundation'
        ➜ Explicit dependency on target 'CryptoSwift' in project 'CryptoSwift'
    Target 'CryptoSwift' in project 'CryptoSwift'
        ➜ Explicit dependency on target 'CryptoSwift' in project 'CryptoSwift'
        ➜ Explicit dependency on target 'CryptoSwift_CryptoSwift' in project 'CryptoSwift'
    Target 'CryptoSwift' in project 'CryptoSwift'
        ➜ Explicit dependency on target 'CryptoSwift_CryptoSwift' in project 'CryptoSwift'
    Target 'CryptoSwift_CryptoSwift' in project 'CryptoSwift' (no dependencies)
    Target 'Readium_ReadiumStreamer' in project 'Readium' (no dependencies)
    Target 'ReadiumAdapterGCDWebServer' in project 'Readium'
        ➜ Explicit dependency on target 'ReadiumAdapterGCDWebServer' in project 'Readium'
        ➜ Explicit dependency on target 'ReadiumInternal' in project 'Readium'
        ➜ Explicit dependency on target 'ReadiumShared' in project 'Readium'
        ➜ Explicit dependency on target 'SwiftSoup' in project 'SwiftSoup'
        ➜ Explicit dependency on target 'Zip' in project 'Zip'
        ➜ Explicit dependency on target 'ReadiumFuzi' in project 'ReadiumFuzi'
        ➜ Explicit dependency on target 'ReadiumZIPFoundation' in project 'ReadiumZIPFoundation'
        ➜ Explicit dependency on target 'ReadiumGCDWebServer' in project 'GCDWebServer'
    Target 'ReadiumAdapterGCDWebServer' in project 'Readium'
        ➜ Explicit dependency on target 'ReadiumInternal' in project 'Readium'
        ➜ Explicit dependency on target 'ReadiumShared' in project 'Readium'
        ➜ Explicit dependency on target 'SwiftSoup' in project 'SwiftSoup'
        ➜ Explicit dependency on target 'Zip' in project 'Zip'
        ➜ Explicit dependency on target 'ReadiumFuzi' in project 'ReadiumFuzi'
        ➜ Explicit dependency on target 'ReadiumZIPFoundation' in project 'ReadiumZIPFoundation'
        ➜ Explicit dependency on target 'ReadiumGCDWebServer' in project 'GCDWebServer'
    Target 'ReadiumGCDWebServer' in project 'GCDWebServer'
        ➜ Explicit dependency on target 'ReadiumGCDWebServer' in project 'GCDWebServer'
    Target 'ReadiumGCDWebServer' in project 'GCDWebServer' (no dependencies)
    Target 'Auth' in project 'Supabase'
        ➜ Explicit dependency on target 'Auth' in project 'Supabase'
        ➜ Explicit dependency on target 'Helpers' in project 'Supabase'
        ➜ Explicit dependency on target 'ConcurrencyExtras' in project 'swift-concurrency-extras'
        ➜ Explicit dependency on target 'HTTPTypes' in project 'swift-http-types'
        ➜ Explicit dependency on target 'Clocks' in project 'swift-clocks'
        ➜ Explicit dependency on target 'XCTestDynamicOverlay' in project 'xctest-dynamic-overlay'
        ➜ Explicit dependency on target 'Crypto' in project 'swift-crypto'
    Target 'Auth' in project 'Supabase'
        ➜ Explicit dependency on target 'Helpers' in project 'Supabase'
        ➜ Explicit dependency on target 'ConcurrencyExtras' in project 'swift-concurrency-extras'
        ➜ Explicit dependency on target 'HTTPTypes' in project 'swift-http-types'
        ➜ Explicit dependency on target 'Clocks' in project 'swift-clocks'
        ➜ Explicit dependency on target 'XCTestDynamicOverlay' in project 'xctest-dynamic-overlay'
        ➜ Explicit dependency on target 'Crypto' in project 'swift-crypto'
    Target 'Crypto' in project 'swift-crypto'
        ➜ Explicit dependency on target 'Crypto' in project 'swift-crypto'
        ➜ Explicit dependency on target 'swift-crypto_Crypto' in project 'swift-crypto'
    Target 'Crypto' in project 'swift-crypto'
        ➜ Explicit dependency on target 'swift-crypto_Crypto' in project 'swift-crypto'
    Target 'swift-crypto_Crypto' in project 'swift-crypto' (no dependencies)
    Target 'Helpers' in project 'Supabase'
        ➜ Explicit dependency on target 'ConcurrencyExtras' in project 'swift-concurrency-extras'
        ➜ Explicit dependency on target 'HTTPTypes' in project 'swift-http-types'
        ➜ Explicit dependency on target 'Clocks' in project 'swift-clocks'
        ➜ Explicit dependency on target 'XCTestDynamicOverlay' in project 'xctest-dynamic-overlay'
    Target 'XCTestDynamicOverlay' in project 'xctest-dynamic-overlay'
        ➜ Explicit dependency on target 'XCTestDynamicOverlay' in project 'xctest-dynamic-overlay'
        ➜ Explicit dependency on target 'IssueReportingPackageSupport' in project 'xctest-dynamic-overlay'
        ➜ Explicit dependency on target 'IssueReporting' in project 'xctest-dynamic-overlay'
    Target 'XCTestDynamicOverlay' in project 'xctest-dynamic-overlay'
        ➜ Explicit dependency on target 'IssueReportingPackageSupport' in project 'xctest-dynamic-overlay'
        ➜ Explicit dependency on target 'IssueReporting' in project 'xctest-dynamic-overlay'
    Target 'Clocks' in project 'swift-clocks'
        ➜ Explicit dependency on target 'Clocks' in project 'swift-clocks'
        ➜ Explicit dependency on target 'ConcurrencyExtras' in project 'swift-concurrency-extras'
        ➜ Explicit dependency on target 'IssueReporting' in project 'xctest-dynamic-overlay'
    Target 'Clocks' in project 'swift-clocks'
        ➜ Explicit dependency on target 'ConcurrencyExtras' in project 'swift-concurrency-extras'
        ➜ Explicit dependency on target 'IssueReporting' in project 'xctest-dynamic-overlay'
    Target 'IssueReporting' in project 'xctest-dynamic-overlay'
        ➜ Explicit dependency on target 'IssueReporting' in project 'xctest-dynamic-overlay'
        ➜ Explicit dependency on target 'IssueReportingPackageSupport' in project 'xctest-dynamic-overlay'
    Target 'IssueReporting' in project 'xctest-dynamic-overlay'
        ➜ Explicit dependency on target 'IssueReportingPackageSupport' in project 'xctest-dynamic-overlay'
    Target 'IssueReportingPackageSupport' in project 'xctest-dynamic-overlay' (no dependencies)
    Target 'HTTPTypes' in project 'swift-http-types'
        ➜ Explicit dependency on target 'HTTPTypes' in project 'swift-http-types'
    Target 'HTTPTypes' in project 'swift-http-types' (no dependencies)
    Target 'ConcurrencyExtras' in project 'swift-concurrency-extras'
        ➜ Explicit dependency on target 'ConcurrencyExtras' in project 'swift-concurrency-extras'
    Target 'ConcurrencyExtras' in project 'swift-concurrency-extras' (no dependencies)
    Target 'GRDB' in project 'GRDB'
        ➜ Explicit dependency on target 'GRDB' in project 'GRDB'
        ➜ Explicit dependency on target 'GRDB_GRDB' in project 'GRDB'
    Target 'GRDB' in project 'GRDB'
        ➜ Explicit dependency on target 'GRDB_GRDB' in project 'GRDB'
        ➜ Explicit dependency on target 'GRDBSQLite' in project 'GRDB'
    Target 'GRDBSQLite' in project 'GRDB' (no dependencies)
    Target 'GRDB_GRDB' in project 'GRDB' (no dependencies)
    Target 'ReadiumNavigator' in project 'Readium'
        ➜ Explicit dependency on target 'ReadiumNavigator' in project 'Readium'
        ➜ Explicit dependency on target 'Readium_ReadiumNavigator' in project 'Readium'
        ➜ Explicit dependency on target 'ReadiumInternal' in project 'Readium'
        ➜ Explicit dependency on target 'ReadiumShared' in project 'Readium'
        ➜ Explicit dependency on target 'SwiftSoup' in project 'SwiftSoup'
        ➜ Explicit dependency on target 'Zip' in project 'Zip'
        ➜ Explicit dependency on target 'ReadiumFuzi' in project 'ReadiumFuzi'
        ➜ Explicit dependency on target 'ReadiumZIPFoundation' in project 'ReadiumZIPFoundation'
        ➜ Explicit dependency on target 'DifferenceKit' in project 'DifferenceKit'
    Target 'ReadiumNavigator' in project 'Readium'
        ➜ Explicit dependency on target 'Readium_ReadiumNavigator' in project 'Readium'
        ➜ Explicit dependency on target 'ReadiumInternal' in project 'Readium'
        ➜ Explicit dependency on target 'ReadiumShared' in project 'Readium'
        ➜ Explicit dependency on target 'SwiftSoup' in project 'SwiftSoup'
        ➜ Explicit dependency on target 'Zip' in project 'Zip'
        ➜ Explicit dependency on target 'ReadiumFuzi' in project 'ReadiumFuzi'
        ➜ Explicit dependency on target 'ReadiumZIPFoundation' in project 'ReadiumZIPFoundation'
        ➜ Explicit dependency on target 'DifferenceKit' in project 'DifferenceKit'
    Target 'DifferenceKit' in project 'DifferenceKit'
        ➜ Explicit dependency on target 'DifferenceKit' in project 'DifferenceKit'
    Target 'DifferenceKit' in project 'DifferenceKit' (no dependencies)
    Target 'ReadiumShared' in project 'Readium'
        ➜ Explicit dependency on target 'Readium_ReadiumShared' in project 'Readium'
        ➜ Explicit dependency on target 'ReadiumInternal' in project 'Readium'
        ➜ Explicit dependency on target 'SwiftSoup' in project 'SwiftSoup'
        ➜ Explicit dependency on target 'Zip' in project 'Zip'
        ➜ Explicit dependency on target 'ReadiumFuzi' in project 'ReadiumFuzi'
        ➜ Explicit dependency on target 'ReadiumZIPFoundation' in project 'ReadiumZIPFoundation'
    Target 'ReadiumZIPFoundation' in project 'ReadiumZIPFoundation'
        ➜ Explicit dependency on target 'ReadiumZIPFoundation' in project 'ReadiumZIPFoundation'
        ➜ Explicit dependency on target 'ReadiumZIPFoundation_ReadiumZIPFoundation' in project 'ReadiumZIPFoundation'
    Target 'ReadiumZIPFoundation' in project 'ReadiumZIPFoundation'
        ➜ Explicit dependency on target 'ReadiumZIPFoundation_ReadiumZIPFoundation' in project 'ReadiumZIPFoundation'
    Target 'ReadiumZIPFoundation_ReadiumZIPFoundation' in project 'ReadiumZIPFoundation' (no dependencies)
    Target 'ReadiumFuzi' in project 'ReadiumFuzi'
        ➜ Explicit dependency on target 'ReadiumFuzi' in project 'ReadiumFuzi'
    Target 'ReadiumFuzi' in project 'ReadiumFuzi' (no dependencies)
    Target 'Zip' in project 'Zip'
        ➜ Explicit dependency on target 'Zip' in project 'Zip'
        ➜ Explicit dependency on target 'Minizip' in project 'Zip'
    Target 'Zip' in project 'Zip'
        ➜ Explicit dependency on target 'Minizip' in project 'Zip'
    Target 'Minizip' in project 'Zip' (no dependencies)
    Target 'SwiftSoup' in project 'SwiftSoup'
        ➜ Explicit dependency on target 'SwiftSoup' in project 'SwiftSoup'
        ➜ Explicit dependency on target 'LRUCache' in project 'LRUCache'
        ➜ Explicit dependency on target 'Atomics' in project 'swift-atomics'
    Target 'SwiftSoup' in project 'SwiftSoup'
        ➜ Explicit dependency on target 'LRUCache' in project 'LRUCache'
        ➜ Explicit dependency on target 'Atomics' in project 'swift-atomics'
    Target 'Atomics' in project 'swift-atomics'
        ➜ Explicit dependency on target 'Atomics' in project 'swift-atomics'
        ➜ Explicit dependency on target '_AtomicsShims' in project 'swift-atomics'
    Target 'Atomics' in project 'swift-atomics'
        ➜ Explicit dependency on target '_AtomicsShims' in project 'swift-atomics'
    Target '_AtomicsShims' in project 'swift-atomics' (no dependencies)
    Target 'LRUCache' in project 'LRUCache'
        ➜ Explicit dependency on target 'LRUCache' in project 'LRUCache'
    Target 'LRUCache' in project 'LRUCache' (no dependencies)
    Target 'Readium_ReadiumShared' in project 'Readium' (no dependencies)
    Target 'ReadiumInternal' in project 'Readium' (no dependencies)
    Target 'Readium_ReadiumNavigator' in project 'Readium' (no dependencies)

GatherProvisioningInputs

CreateBuildDescription

ExecuteExternalTool /Applications/Xcode.app/Contents/Developer/Toolchains/XcodeDefault.xctoolchain/usr/bin/swiftc --version

ExecuteExternalTool /Applications/Xcode.app/Contents/Developer/Toolchains/XcodeDefault.xctoolchain/usr/bin/clang -v -E -dM -arch arm64 -isysroot /Applications/Xcode.app/Contents/Developer/Platforms/iPhoneSimulator.platform/Developer/SDKs/iPhoneSimulator26.2.sdk -x c -c /dev/null

ExecuteExternalTool /Applications/Xcode.app/Contents/Developer/Toolchains/XcodeDefault.xctoolchain/usr/bin/clang -v -E -dM -arch arm64 -isysroot /Applications/Xcode.app/Contents/Developer/Platforms/iPhoneSimulator.platform/Developer/SDKs/iPhoneSimulator26.2.sdk -x objective-c -c /dev/null

ExecuteExternalTool /Applications/Xcode.app/Contents/Developer/Toolchains/XcodeDefault.xctoolchain/usr/bin/clang -v -E -dM -isysroot /Applications/Xcode.app/Contents/Developer/Platforms/iPhoneSimulator.platform/Developer/SDKs/iPhoneSimulator26.2.sdk -x c -c /dev/null

ExecuteExternalTool /Applications/Xcode.app/Contents/Developer/usr/bin/actool --print-asset-tag-combinations --output-format xml1 /Users/vardaan/Projects/fathom/fathom_ios/Fathom/Assets.xcassets /Users/vardaan/Projects/fathom/fathom_ios/Fathom/FathomIcon.icon

ExecuteExternalTool /Applications/Xcode.app/Contents/Developer/Toolchains/XcodeDefault.xctoolchain/usr/bin/ld -version_details

ReadFileContents /Applications/Xcode.app/Contents/Developer/Toolchains/XcodeDefault.xctoolchain/usr/share/docc/features.json

ExecuteExternalTool /Applications/Xcode.app/Contents/Developer/Toolchains/XcodeDefault.xctoolchain/usr/bin/clang -v -E -dM -arch x86_64 -isysroot /Applications/Xcode.app/Contents/Developer/Platforms/iPhoneSimulator.platform/Developer/SDKs/iPhoneSimulator26.2.sdk -x c -c /dev/null

ExecuteExternalTool /Applications/Xcode.app/Contents/Developer/Toolchains/XcodeDefault.xctoolchain/usr/bin/clang -v -E -dM -arch x86_64 -isysroot /Applications/Xcode.app/Contents/Developer/Platforms/iPhoneSimulator.platform/Developer/SDKs/iPhoneSimulator26.2.sdk -x objective-c -c /dev/null

ExecuteExternalTool /Applications/Xcode.app/Contents/Developer/usr/bin/actool --version --output-format xml1

Build description signature: b5d41803accd633099f89fb4643fcc85
Build description path: /Users/vardaan/Library/Developer/Xcode/DerivedData/Fathom-bkvdeihlrhmctlhldetlbfryqjce/Build/Intermediates.noindex/XCBuildData/b5d41803accd633099f89fb4643fcc85.xcbuilddata
ClangStatCache /Applications/Xcode.app/Contents/Developer/Toolchains/XcodeDefault.xctoolchain/usr/bin/clang-stat-cache /Applications/Xcode.app/Contents/Developer/Platforms/iPhoneSimulator.platform/Developer/SDKs/iPhoneSimulator26.2.sdk /Users/vardaan/Library/Developer/Xcode/DerivedData/SDKStatCaches.noindex/iphonesimulator26.2-23C57-7d00a8b37fbd7999ea79df8ebc024bf0.sdkstatcache
    cd /Users/vardaan/Projects/fathom/fathom_ios/Fathom.xcodeproj
    /Applications/Xcode.app/Contents/Developer/Toolchains/XcodeDefault.xctoolchain/usr/bin/clang-stat-cache /Applications/Xcode.app/Contents/Developer/Platforms/iPhoneSimulator.platform/Developer/SDKs/iPhoneSimulator26.2.sdk -o /Users/vardaan/Library/Developer/Xcode/DerivedData/SDKStatCaches.noindex/iphonesimulator26.2-23C57-7d00a8b37fbd7999ea79df8ebc024bf0.sdkstatcache

ProcessInfoPlistFile /Users/vardaan/Library/Developer/Xcode/DerivedData/Fathom-bkvdeihlrhmctlhldetlbfryqjce/Build/Products/Debug-iphonesimulator/Readium_ReadiumNavigator.bundle/Info.plist /Users/vardaan/Library/Developer/Xcode/DerivedData/Fathom-bkvdeihlrhmctlhldetlbfryqjce/Build/Intermediates.noindex/Readium.build/Debug-iphonesimulator/Readium_ReadiumNavigator.build/empty-Readium_ReadiumNavigator.plist (in target 'Readium_ReadiumNavigator' from project 'Readium')
    cd /Users/vardaan/Library/Developer/Xcode/DerivedData/Fathom-bkvdeihlrhmctlhldetlbfryqjce/SourcePackages/checkouts/swift-toolkit
    builtin-infoPlistUtility /Users/vardaan/Library/Developer/Xcode/DerivedData/Fathom-bkvdeihlrhmctlhldetlbfryqjce/Build/Intermediates.noindex/Readium.build/Debug-iphonesimulator/Readium_ReadiumNavigator.build/empty-Readium_ReadiumNavigator.plist -producttype com.apple.product-type.bundle -expandbuildsettings -format binary -platform iphonesimulator -o /Users/vardaan/Library/Developer/Xcode/DerivedData/Fathom-bkvdeihlrhmctlhldetlbfryqjce/Build/Products/Debug-iphonesimulator/Readium_ReadiumNavigator.bundle/Info.plist

ProcessInfoPlistFile /Users/vardaan/Library/Developer/Xcode/DerivedData/Fathom-bkvdeihlrhmctlhldetlbfryqjce/Build/Products/Debug-iphonesimulator/ReadiumZIPFoundation_ReadiumZIPFoundation.bundle/Info.plist /Users/vardaan/Library/Developer/Xcode/DerivedData/Fathom-bkvdeihlrhmctlhldetlbfryqjce/Build/Intermediates.noindex/ReadiumZIPFoundation.build/Debug-iphonesimulator/ReadiumZIPFoundation_ReadiumZIPFoundation.build/empty-ReadiumZIPFoundation_ReadiumZIPFoundation.plist (in target 'ReadiumZIPFoundation_ReadiumZIPFoundation' from project 'ReadiumZIPFoundation')
    cd /Users/vardaan/Library/Developer/Xcode/DerivedData/Fathom-bkvdeihlrhmctlhldetlbfryqjce/SourcePackages/checkouts/ZIPFoundation
    builtin-infoPlistUtility /Users/vardaan/Library/Developer/Xcode/DerivedData/Fathom-bkvdeihlrhmctlhldetlbfryqjce/Build/Intermediates.noindex/ReadiumZIPFoundation.build/Debug-iphonesimulator/ReadiumZIPFoundation_ReadiumZIPFoundation.build/empty-ReadiumZIPFoundation_ReadiumZIPFoundation.plist -producttype com.apple.product-type.bundle -expandbuildsettings -format binary -platform iphonesimulator -o /Users/vardaan/Library/Developer/Xcode/DerivedData/Fathom-bkvdeihlrhmctlhldetlbfryqjce/Build/Products/Debug-iphonesimulator/ReadiumZIPFoundation_ReadiumZIPFoundation.bundle/Info.plist

ProcessInfoPlistFile /Users/vardaan/Library/Developer/Xcode/DerivedData/Fathom-bkvdeihlrhmctlhldetlbfryqjce/Build/Products/Debug-iphonesimulator/Readium_ReadiumShared.bundle/Info.plist /Users/vardaan/Library/Developer/Xcode/DerivedData/Fathom-bkvdeihlrhmctlhldetlbfryqjce/Build/Intermediates.noindex/Readium.build/Debug-iphonesimulator/Readium_ReadiumShared.build/empty-Readium_ReadiumShared.plist (in target 'Readium_ReadiumShared' from project 'Readium')
    cd /Users/vardaan/Library/Developer/Xcode/DerivedData/Fathom-bkvdeihlrhmctlhldetlbfryqjce/SourcePackages/checkouts/swift-toolkit
    builtin-infoPlistUtility /Users/vardaan/Library/Developer/Xcode/DerivedData/Fathom-bkvdeihlrhmctlhldetlbfryqjce/Build/Intermediates.noindex/Readium.build/Debug-iphonesimulator/Readium_ReadiumShared.build/empty-Readium_ReadiumShared.plist -producttype com.apple.product-type.bundle -expandbuildsettings -format binary -platform iphonesimulator -o /Users/vardaan/Library/Developer/Xcode/DerivedData/Fathom-bkvdeihlrhmctlhldetlbfryqjce/Build/Products/Debug-iphonesimulator/Readium_ReadiumShared.bundle/Info.plist

ProcessInfoPlistFile /Users/vardaan/Library/Developer/Xcode/DerivedData/Fathom-bkvdeihlrhmctlhldetlbfryqjce/Build/Products/Debug-iphonesimulator/GRDB_GRDB.bundle/Info.plist /Users/vardaan/Library/Developer/Xcode/DerivedData/Fathom-bkvdeihlrhmctlhldetlbfryqjce/Build/Intermediates.noindex/GRDB.build/Debug-iphonesimulator/GRDB_GRDB.build/empty-GRDB_GRDB.plist (in target 'GRDB_GRDB' from project 'GRDB')
    cd /Users/vardaan/Library/Developer/Xcode/DerivedData/Fathom-bkvdeihlrhmctlhldetlbfryqjce/SourcePackages/checkouts/GRDB.swift
    builtin-infoPlistUtility /Users/vardaan/Library/Developer/Xcode/DerivedData/Fathom-bkvdeihlrhmctlhldetlbfryqjce/Build/Intermediates.noindex/GRDB.build/Debug-iphonesimulator/GRDB_GRDB.build/empty-GRDB_GRDB.plist -producttype com.apple.product-type.bundle -expandbuildsettings -format binary -platform iphonesimulator -o /Users/vardaan/Library/Developer/Xcode/DerivedData/Fathom-bkvdeihlrhmctlhldetlbfryqjce/Build/Products/Debug-iphonesimulator/GRDB_GRDB.bundle/Info.plist

ProcessInfoPlistFile /Users/vardaan/Library/Developer/Xcode/DerivedData/Fathom-bkvdeihlrhmctlhldetlbfryqjce/Build/Products/Debug-iphonesimulator/CryptoSwift_CryptoSwift.bundle/Info.plist /Users/vardaan/Library/Developer/Xcode/DerivedData/Fathom-bkvdeihlrhmctlhldetlbfryqjce/Build/Intermediates.noindex/CryptoSwift.build/Debug-iphonesimulator/CryptoSwift_CryptoSwift.build/empty-CryptoSwift_CryptoSwift.plist (in target 'CryptoSwift_CryptoSwift' from project 'CryptoSwift')
    cd /Users/vardaan/Library/Developer/Xcode/DerivedData/Fathom-bkvdeihlrhmctlhldetlbfryqjce/SourcePackages/checkouts/CryptoSwift
    builtin-infoPlistUtility /Users/vardaan/Library/Developer/Xcode/DerivedData/Fathom-bkvdeihlrhmctlhldetlbfryqjce/Build/Intermediates.noindex/CryptoSwift.build/Debug-iphonesimulator/CryptoSwift_CryptoSwift.build/empty-CryptoSwift_CryptoSwift.plist -producttype com.apple.product-type.bundle -expandbuildsettings -format binary -platform iphonesimulator -o /Users/vardaan/Library/Developer/Xcode/DerivedData/Fathom-bkvdeihlrhmctlhldetlbfryqjce/Build/Products/Debug-iphonesimulator/CryptoSwift_CryptoSwift.bundle/Info.plist

ProcessInfoPlistFile /Users/vardaan/Library/Developer/Xcode/DerivedData/Fathom-bkvdeihlrhmctlhldetlbfryqjce/Build/Products/Debug-iphonesimulator/swift-crypto_Crypto.bundle/Info.plist /Users/vardaan/Library/Developer/Xcode/DerivedData/Fathom-bkvdeihlrhmctlhldetlbfryqjce/Build/Intermediates.noindex/swift-crypto.build/Debug-iphonesimulator/swift-crypto_Crypto.build/empty-swift-crypto_Crypto.plist (in target 'swift-crypto_Crypto' from project 'swift-crypto')
    cd /Users/vardaan/Library/Developer/Xcode/DerivedData/Fathom-bkvdeihlrhmctlhldetlbfryqjce/SourcePackages/checkouts/swift-crypto
    builtin-infoPlistUtility /Users/vardaan/Library/Developer/Xcode/DerivedData/Fathom-bkvdeihlrhmctlhldetlbfryqjce/Build/Intermediates.noindex/swift-crypto.build/Debug-iphonesimulator/swift-crypto_Crypto.build/empty-swift-crypto_Crypto.plist -producttype com.apple.product-type.bundle -expandbuildsettings -format binary -platform iphonesimulator -o /Users/vardaan/Library/Developer/Xcode/DerivedData/Fathom-bkvdeihlrhmctlhldetlbfryqjce/Build/Products/Debug-iphonesimulator/swift-crypto_Crypto.bundle/Info.plist

ProcessInfoPlistFile /Users/vardaan/Library/Developer/Xcode/DerivedData/Fathom-bkvdeihlrhmctlhldetlbfryqjce/Build/Products/Debug-iphonesimulator/Readium_ReadiumStreamer.bundle/Info.plist /Users/vardaan/Library/Developer/Xcode/DerivedData/Fathom-bkvdeihlrhmctlhldetlbfryqjce/Build/Intermediates.noindex/Readium.build/Debug-iphonesimulator/Readium_ReadiumStreamer.build/empty-Readium_ReadiumStreamer.plist (in target 'Readium_ReadiumStreamer' from project 'Readium')
    cd /Users/vardaan/Library/Developer/Xcode/DerivedData/Fathom-bkvdeihlrhmctlhldetlbfryqjce/SourcePackages/checkouts/swift-toolkit
    builtin-infoPlistUtility /Users/vardaan/Library/Developer/Xcode/DerivedData/Fathom-bkvdeihlrhmctlhldetlbfryqjce/Build/Intermediates.noindex/Readium.build/Debug-iphonesimulator/Readium_ReadiumStreamer.build/empty-Readium_ReadiumStreamer.plist -producttype com.apple.product-type.bundle -expandbuildsettings -format binary -platform iphonesimulator -o /Users/vardaan/Library/Developer/Xcode/DerivedData/Fathom-bkvdeihlrhmctlhldetlbfryqjce/Build/Products/Debug-iphonesimulator/Readium_ReadiumStreamer.bundle/Info.plist

note: Disabling hardened runtime with ad-hoc codesigning. (in target 'Fathom' from project 'Fathom')
ProcessProductPackaging "" /Users/vardaan/Library/Developer/Xcode/DerivedData/Fathom-bkvdeihlrhmctlhldetlbfryqjce/Build/Intermediates.noindex/Fathom.build/Debug-iphonesimulator/Fathom.build/Fathom.app-Simulated.xcent (in target 'Fathom' from project 'Fathom')
    cd /Users/vardaan/Projects/fathom/fathom_ios
    
    Entitlements:
    
    {
    "application-identifier" = "D8B7HB9L2J.com.Vardaan.Fathom";
}
    
    builtin-productPackagingUtility -entitlements -format xml -o /Users/vardaan/Library/Developer/Xcode/DerivedData/Fathom-bkvdeihlrhmctlhldetlbfryqjce/Build/Intermediates.noindex/Fathom.build/Debug-iphonesimulator/Fathom.build/Fathom.app-Simulated.xcent

SwiftDriver Auth normal x86_64 com.apple.xcode.tools.swift.compiler (in target 'Auth' from project 'Supabase')
    cd /Users/vardaan/Projects/fathom/fathom_ios/Fathom.xcodeproj
    builtin-SwiftDriver -- /Applications/Xcode.app/Contents/Developer/Toolchains/XcodeDefault.xctoolchain/usr/bin/swiftc -module-name Auth -Onone -enforce-exclusivity\=checked @/Users/vardaan/Library/Developer/Xcode/DerivedData/Fathom-bkvdeihlrhmctlhldetlbfryqjce/Build/Intermediates.noindex/Supabase.build/Debug-iphonesimulator/Auth.build/Objects-normal/x86_64/Auth.SwiftFileList -DSWIFT_PACKAGE -DDEBUG -DSWIFT_MODULE_RESOURCE_BUNDLE_UNAVAILABLE -DXcode -enable-upcoming-feature ExistentialAny -enable-experimental-feature StrictConcurrency -plugin-path /Applications/Xcode.app/Contents/Developer/Toolchains/XcodeDefault.xctoolchain/usr/lib/swift/host/plugins/testing -enable-experimental-feature DebugDescriptionMacro -sdk /Applications/Xcode.app/Contents/Developer/Platforms/iPhoneSimulator.platform/Developer/SDKs/iPhoneSimulator26.2.sdk -target x86_64-apple-ios13.0-simulator -g -module-cache-path /Users/vardaan/Library/Developer/Xcode/DerivedData/ModuleCache.noindex -Xfrontend -serialize-debugging-options -enable-testing -suppress-warnings -index-store-path /Users/vardaan/Library/Developer/Xcode/DerivedData/Fathom-bkvdeihlrhmctlhldetlbfryqjce/Index.noindex/DataStore -Xcc -D_LIBCPP_HARDENING_MODE\=_LIBCPP_HARDENING_MODE_DEBUG -swift-version 5 -I /Users/vardaan/Library/Developer/Xcode/DerivedData/Fathom-bkvdeihlrhmctlhldetlbfryqjce/Build/Products/Debug-iphonesimulator -Isystem /Applications/Xcode.app/Contents/Developer/Platforms/iPhoneSimulator.platform/Developer/usr/lib -F /Users/vardaan/Library/Developer/Xcode/DerivedData/Fathom-bkvdeihlrhmctlhldetlbfryqjce/Build/Products/Debug-iphonesimulator/PackageFrameworks -F /Users/vardaan/Library/Developer/Xcode/DerivedData/Fathom-bkvdeihlrhmctlhldetlbfryqjce/Build/Products/Debug-iphonesimulator/PackageFrameworks -F /Users/vardaan/Library/Developer/Xcode/DerivedData/Fathom-bkvdeihlrhmctlhldetlbfryqjce/Build/Products/Debug-iphonesimulator/PackageFrameworks -F /Users/vardaan/Library/Developer/Xcode/DerivedData/Fathom-bkvdeihlrhmctlhldetlbfryqjce/Build/Products/Debug-iphonesimulator/PackageFrameworks -F /Users/vardaan/Library/Developer/Xcode/DerivedData/Fathom-bkvdeihlrhmctlhldetlbfryqjce/Build/Products/Debug-iphonesimulator/PackageFrameworks -F /Users/vardaan/Library/Developer/Xcode/DerivedData/Fathom-bkvdeihlrhmctlhldetlbfryqjce/Build/Products/Debug-iphonesimulator/PackageFrameworks -F /Users/vardaan/Library/Developer/Xcode/DerivedData/Fathom-bkvdeihlrhmctlhldetlbfryqjce/Build/Products/Debug-iphonesimulator/PackageFrameworks -F /Users/vardaan/Library/Developer/Xcode/DerivedData/Fathom-bkvdeihlrhmctlhldetlbfryqjce/Build/Products/Debug-iphonesimulator/PackageFrameworks -F /Users/vardaan/Library/Developer/Xcode/DerivedData/Fathom-bkvdeihlrhmctlhldetlbfryqjce/Build/Products/Debug-iphonesimulator -F /Applications/Xcode.app/Contents/Developer/Platforms/iPhoneSimulator.platform/Developer/Library/Frameworks -F /Applications/Xcode.app/Contents/Developer/Platforms/iPhoneSimulator.platform/Developer/SDKs/iPhoneSimulator26.2.sdk/Developer/Library/Frameworks -c -j8 -enable-batch-mode -incremental -Xcc -ivfsstatcache -Xcc /Users/vardaan/Library/Developer/Xcode/DerivedData/SDKStatCaches.noindex/iphonesimulator26.2-23C57-7d00a8b37fbd7999ea79df8ebc024bf0.sdkstatcache -output-file-map /Users/vardaan/Library/Developer/Xcode/DerivedData/Fathom-bkvdeihlrhmctlhldetlbfryqjce/Build/Intermediates.noindex/Supabase.build/Debug-iphonesimulator/Auth.build/Objects-normal/x86_64/Auth-OutputFileMap.json -use-frontend-parseable-output -save-temps -no-color-diagnostics -explicit-module-build -module-cache-path /Users/vardaan/Library/Developer/Xcode/DerivedData/Fathom-bkvdeihlrhmctlhldetlbfryqjce/Build/Intermediates.noindex/SwiftExplicitPrecompiledModules -clang-scanner-module-cache-path /Users/vardaan/Library/Developer/Xcode/DerivedData/ModuleCache.noindex -sdk-module-cache-path /Users/vardaan/Library/Developer/Xcode/DerivedData/ModuleCache.noindex -serialize-diagnostics -emit-dependencies -emit-module -emit-module-path /Users/vardaan/Library/Developer/Xcode/DerivedData/Fathom-bkvdeihlrhmctlhldetlbfryqjce/Build/Intermediates.noindex/Supabase.build/Debug-iphonesimulator/Auth.build/Objects-normal/x86_64/Auth.swiftmodule -validate-clang-modules-once -clang-build-session-file /Users/vardaan/Library/Developer/Xcode/DerivedData/ModuleCache.noindex/Session.modulevalidation -package-name supabase_swift -Xcc -I/Users/vardaan/Library/Developer/Xcode/DerivedData/Fathom-bkvdeihlrhmctlhldetlbfryqjce/Build/Intermediates.noindex/Supabase.build/Debug-iphonesimulator/Auth.build/swift-overrides.hmap -emit-const-values -Xfrontend -const-gather-protocols-file -Xfrontend /Users/vardaan/Library/Developer/Xcode/DerivedData/Fathom-bkvdeihlrhmctlhldetlbfryqjce/Build/Intermediates.noindex/Supabase.build/Debug-iphonesimulator/Auth.build/Objects-normal/x86_64/Auth_const_extract_protocols.json -Xcc -I/Users/vardaan/Library/Developer/Xcode/DerivedData/Fathom-bkvdeihlrhmctlhldetlbfryqjce/Build/Products/Debug-iphonesimulator/include -Xcc -I/Users/vardaan/Library/Developer/Xcode/DerivedData/Fathom-bkvdeihlrhmctlhldetlbfryqjce/Build/Intermediates.noindex/Supabase.build/Debug-iphonesimulator/Auth.build/DerivedSources-normal/x86_64 -Xcc -I/Users/vardaan/Library/Developer/Xcode/DerivedData/Fathom-bkvdeihlrhmctlhldetlbfryqjce/Build/Intermediates.noindex/Supabase.build/Debug-iphonesimulator/Auth.build/DerivedSources/x86_64 -Xcc -I/Users/vardaan/Library/Developer/Xcode/DerivedData/Fathom-bkvdeihlrhmctlhldetlbfryqjce/Build/Intermediates.noindex/Supabase.build/Debug-iphonesimulator/Auth.build/DerivedSources -Xcc -DSWIFT_PACKAGE -Xcc -DDEBUG\=1 -emit-objc-header -emit-objc-header-path /Users/vardaan/Library/Developer/Xcode/DerivedData/Fathom-bkvdeihlrhmctlhldetlbfryqjce/Build/Intermediates.noindex/Supabase.build/Debug-iphonesimulator/Auth.build/Objects-normal/x86_64/Auth-Swift.h -working-directory /Users/vardaan/Projects/fathom/fathom_ios/Fathom.xcodeproj -experimental-emit-module-separately -disable-cmo

ProcessProductPackagingDER /Users/vardaan/Library/Developer/Xcode/DerivedData/Fathom-bkvdeihlrhmctlhldetlbfryqjce/Build/Intermediates.noindex/Fathom.build/Debug-iphonesimulator/Fathom.build/Fathom.app-Simulated.xcent /Users/vardaan/Library/Developer/Xcode/DerivedData/Fathom-bkvdeihlrhmctlhldetlbfryqjce/Build/Intermediates.noindex/Fathom.build/Debug-iphonesimulator/Fathom.build/Fathom.app-Simulated.xcent.der (in target 'Fathom' from project 'Fathom')
    cd /Users/vardaan/Projects/fathom/fathom_ios
    /usr/bin/derq query -f xml -i /Users/vardaan/Library/Developer/Xcode/DerivedData/Fathom-bkvdeihlrhmctlhldetlbfryqjce/Build/Intermediates.noindex/Fathom.build/Debug-iphonesimulator/Fathom.build/Fathom.app-Simulated.xcent -o /Users/vardaan/Library/Developer/Xcode/DerivedData/Fathom-bkvdeihlrhmctlhldetlbfryqjce/Build/Intermediates.noindex/Fathom.build/Debug-iphonesimulator/Fathom.build/Fathom.app-Simulated.xcent.der --raw

CompileAssetCatalogVariant thinned /Users/vardaan/Library/Developer/Xcode/DerivedData/Fathom-bkvdeihlrhmctlhldetlbfryqjce/Build/Products/Debug-iphonesimulator/Fathom.app /Users/vardaan/Projects/fathom/fathom_ios/Fathom/Assets.xcassets /Users/vardaan/Projects/fathom/fathom_ios/Fathom/FathomIcon.icon (in target 'Fathom' from project 'Fathom')
    cd /Users/vardaan/Projects/fathom/fathom_ios
    /Applications/Xcode.app/Contents/Developer/usr/bin/actool /Users/vardaan/Projects/fathom/fathom_ios/Fathom/Assets.xcassets /Users/vardaan/Projects/fathom/fathom_ios/Fathom/FathomIcon.icon --compile /Users/vardaan/Library/Developer/Xcode/DerivedData/Fathom-bkvdeihlrhmctlhldetlbfryqjce/Build/Intermediates.noindex/Fathom.build/Debug-iphonesimulator/Fathom.build/assetcatalog_output/thinned --output-format human-readable-text --notices --warnings --export-dependency-info /Users/vardaan/Library/Developer/Xcode/DerivedData/Fathom-bkvdeihlrhmctlhldetlbfryqjce/Build/Intermediates.noindex/Fathom.build/Debug-iphonesimulator/Fathom.build/assetcatalog_dependencies_thinned --output-partial-info-plist /Users/vardaan/Library/Developer/Xcode/DerivedData/Fathom-bkvdeihlrhmctlhldetlbfryqjce/Build/Intermediates.noindex/Fathom.build/Debug-iphonesimulator/Fathom.build/assetcatalog_generated_info.plist_thinned --app-icon FathomIcon --accent-color AccentColor --compress-pngs --enable-on-demand-resources YES --development-region en --target-device iphone --target-device ipad --minimum-deployment-target 26.2 --platform iphonesimulator
2026-05-06 15:55:54.330 AssetCatalogSimulatorAgent[26284:2943279] The filter 'CIPortraitEffectSpillCorrection' is not implemented in the bundle at /Library/Developer/CoreSimulator/Volumes/iOS_23D8133/Library/Developer/CoreSimulator/Profiles/Runtimes/iOS 26.3.simruntime/Contents/Resources/RuntimeRoot/System/Library/CoreImage/PortraitFilters.cifilter.

SwiftDriver Fathom normal arm64 com.apple.xcode.tools.swift.compiler (in target 'Fathom' from project 'Fathom')
    cd /Users/vardaan/Projects/fathom/fathom_ios
    builtin-SwiftDriver -- /Applications/Xcode.app/Contents/Developer/Toolchains/XcodeDefault.xctoolchain/usr/bin/swiftc -module-name Fathom -Onone -enforce-exclusivity\=checked @/Users/vardaan/Library/Developer/Xcode/DerivedData/Fathom-bkvdeihlrhmctlhldetlbfryqjce/Build/Intermediates.noindex/Fathom.build/Debug-iphonesimulator/Fathom.build/Objects-normal/arm64/Fathom.SwiftFileList -DDEBUG -Xcc -fmodule-map-file\=/Users/vardaan/Library/Developer/Xcode/DerivedData/Fathom-bkvdeihlrhmctlhldetlbfryqjce/SourcePackages/checkouts/GRDB.swift/Sources/GRDBSQLite/module.modulemap -Xcc -fmodule-map-file\=/Users/vardaan/Library/Developer/Xcode/DerivedData/Fathom-bkvdeihlrhmctlhldetlbfryqjce/Build/Intermediates.noindex/GeneratedModuleMaps-iphonesimulator/ReadiumGCDWebServer.modulemap -Xcc -fmodule-map-file\=/Users/vardaan/Library/Developer/Xcode/DerivedData/Fathom-bkvdeihlrhmctlhldetlbfryqjce/Build/Intermediates.noindex/GeneratedModuleMaps-iphonesimulator/Minizip.modulemap -default-isolation\=MainActor -enable-bare-slash-regex -enable-upcoming-feature DisableOutwardActorInference -enable-upcoming-feature InferSendableFromCaptures -enable-upcoming-feature GlobalActorIsolatedTypesUsability -enable-upcoming-feature MemberImportVisibility -enable-upcoming-feature InferIsolatedConformances -enable-upcoming-feature NonisolatedNonsendingByDefault -enable-experimental-feature DebugDescriptionMacro -sdk /Applications/Xcode.app/Contents/Developer/Platforms/iPhoneSimulator.platform/Developer/SDKs/iPhoneSimulator26.2.sdk -target arm64-apple-ios26.2-simulator -g -module-cache-path /Users/vardaan/Library/Developer/Xcode/DerivedData/ModuleCache.noindex -Xfrontend -serialize-debugging-options -enable-testing -index-store-path /Users/vardaan/Library/Developer/Xcode/DerivedData/Fathom-bkvdeihlrhmctlhldetlbfryqjce/Index.noindex/DataStore -Xcc -D_LIBCPP_HARDENING_MODE\=_LIBCPP_HARDENING_MODE_DEBUG -swift-version 5 -I /Users/vardaan/Library/Developer/Xcode/DerivedData/Fathom-bkvdeihlrhmctlhldetlbfryqjce/Build/Products/Debug-iphonesimulator -F /Users/vardaan/Library/Developer/Xcode/DerivedData/Fathom-bkvdeihlrhmctlhldetlbfryqjce/Build/Products/Debug-iphonesimulator/PackageFrameworks -F /Users/vardaan/Library/Developer/Xcode/DerivedData/Fathom-bkvdeihlrhmctlhldetlbfryqjce/Build/Products/Debug-iphonesimulator/PackageFrameworks -F /Users/vardaan/Library/Developer/Xcode/DerivedData/Fathom-bkvdeihlrhmctlhldetlbfryqjce/Build/Products/Debug-iphonesimulator/PackageFrameworks -F /Users/vardaan/Library/Developer/Xcode/DerivedData/Fathom-bkvdeihlrhmctlhldetlbfryqjce/Build/Products/Debug-iphonesimulator/PackageFrameworks -F /Users/vardaan/Library/Developer/Xcode/DerivedData/Fathom-bkvdeihlrhmctlhldetlbfryqjce/Build/Products/Debug-iphonesimulator/PackageFrameworks -F /Users/vardaan/Library/Developer/Xcode/DerivedData/Fathom-bkvdeihlrhmctlhldetlbfryqjce/Build/Products/Debug-iphonesimulator/PackageFrameworks -F /Users/vardaan/Library/Developer/Xcode/DerivedData/Fathom-bkvdeihlrhmctlhldetlbfryqjce/Build/Products/Debug-iphonesimulator/PackageFrameworks -F /Users/vardaan/Library/Developer/Xcode/DerivedData/Fathom-bkvdeihlrhmctlhldetlbfryqjce/Build/Products/Debug-iphonesimulator/PackageFrameworks -F /Users/vardaan/Library/Developer/Xcode/DerivedData/Fathom-bkvdeihlrhmctlhldetlbfryqjce/Build/Products/Debug-iphonesimulator/PackageFrameworks -F /Users/vardaan/Library/Developer/Xcode/DerivedData/Fathom-bkvdeihlrhmctlhldetlbfryqjce/Build/Products/Debug-iphonesimulator/PackageFrameworks -F /Users/vardaan/Library/Developer/Xcode/DerivedData/Fathom-bkvdeihlrhmctlhldetlbfryqjce/Build/Products/Debug-iphonesimulator/PackageFrameworks -F /Users/vardaan/Library/Developer/Xcode/DerivedData/Fathom-bkvdeihlrhmctlhldetlbfryqjce/Build/Products/Debug-iphonesimulator/PackageFrameworks -F /Users/vardaan/Library/Developer/Xcode/DerivedData/Fathom-bkvdeihlrhmctlhldetlbfryqjce/Build/Products/Debug-iphonesimulator/PackageFrameworks -F /Users/vardaan/Library/Developer/Xcode/DerivedData/Fathom-bkvdeihlrhmctlhldetlbfryqjce/Build/Products/Debug-iphonesimulator/PackageFrameworks -F /Users/vardaan/Library/Developer/Xcode/DerivedData/Fathom-bkvdeihlrhmctlhldetlbfryqjce/Build/Products/Debug-iphonesimulator/PackageFrameworks -F /Users/vardaan/Library/Developer/Xcode/DerivedData/Fathom-bkvdeihlrhmctlhldetlbfryqjce/Build/Products/Debug-iphonesimulator/PackageFrameworks -F /Users/vardaan/Library/Developer/Xcode/DerivedData/Fathom-bkvdeihlrhmctlhldetlbfryqjce/Build/Products/Debug-iphonesimulator/PackageFrameworks -F /Users/vardaan/Library/Developer/Xcode/DerivedData/Fathom-bkvdeihlrhmctlhldetlbfryqjce/Build/Products/Debug-iphonesimulator/PackageFrameworks -F /Users/vardaan/Library/Developer/Xcode/DerivedData/Fathom-bkvdeihlrhmctlhldetlbfryqjce/Build/Products/Debug-iphonesimulator/PackageFrameworks -F /Users/vardaan/Library/Developer/Xcode/DerivedData/Fathom-bkvdeihlrhmctlhldetlbfryqjce/Build/Products/Debug-iphonesimulator/PackageFrameworks -F /Users/vardaan/Library/Developer/Xcode/DerivedData/Fathom-bkvdeihlrhmctlhldetlbfryqjce/Build/Products/Debug-iphonesimulator/PackageFrameworks -F /Users/vardaan/Library/Developer/Xcode/DerivedData/Fathom-bkvdeihlrhmctlhldetlbfryqjce/Build/Products/Debug-iphonesimulator/PackageFrameworks -F /Users/vardaan/Library/Developer/Xcode/DerivedData/Fathom-bkvdeihlrhmctlhldetlbfryqjce/Build/Products/Debug-iphonesimulator/PackageFrameworks -F /Users/vardaan/Library/Developer/Xcode/DerivedData/Fathom-bkvdeihlrhmctlhldetlbfryqjce/Build/Products/Debug-iphonesimulator/PackageFrameworks -F /Users/vardaan/Library/Developer/Xcode/DerivedData/Fathom-bkvdeihlrhmctlhldetlbfryqjce/Build/Products/Debug-iphonesimulator/PackageFrameworks -F /Users/vardaan/Library/Developer/Xcode/DerivedData/Fathom-bkvdeihlrhmctlhldetlbfryqjce/Build/Products/Debug-iphonesimulator/PackageFrameworks -F /Users/vardaan/Library/Developer/Xcode/DerivedData/Fathom-bkvdeihlrhmctlhldetlbfryqjce/Build/Products/Debug-iphonesimulator -emit-localized-strings -emit-localized-strings-path /Users/vardaan/Library/Developer/Xcode/DerivedData/Fathom-bkvdeihlrhmctlhldetlbfryqjce/Build/Intermediates.noindex/Fathom.build/Debug-iphonesimulator/Fathom.build/Objects-normal/arm64 -c -j8 -enable-batch-mode -incremental -Xcc -ivfsstatcache -Xcc /Users/vardaan/Library/Developer/Xcode/DerivedData/SDKStatCaches.noindex/iphonesimulator26.2-23C57-7d00a8b37fbd7999ea79df8ebc024bf0.sdkstatcache -output-file-map /Users/vardaan/Library/Developer/Xcode/DerivedData/Fathom-bkvdeihlrhmctlhldetlbfryqjce/Build/Intermediates.noindex/Fathom.build/Debug-iphonesimulator/Fathom.build/Objects-normal/arm64/Fathom-OutputFileMap.json -use-frontend-parseable-output -save-temps -no-color-diagnostics -explicit-module-build -module-cache-path /Users/vardaan/Library/Developer/Xcode/DerivedData/Fathom-bkvdeihlrhmctlhldetlbfryqjce/Build/Intermediates.noindex/SwiftExplicitPrecompiledModules -clang-scanner-module-cache-path /Users/vardaan/Library/Developer/Xcode/DerivedData/ModuleCache.noindex -sdk-module-cache-path /Users/vardaan/Library/Developer/Xcode/DerivedData/ModuleCache.noindex -serialize-diagnostics -emit-dependencies -emit-module -emit-module-path /Users/vardaan/Library/Developer/Xcode/DerivedData/Fathom-bkvdeihlrhmctlhldetlbfryqjce/Build/Intermediates.noindex/Fathom.build/Debug-iphonesimulator/Fathom.build/Objects-normal/arm64/Fathom.swiftmodule -validate-clang-modules-once -clang-build-session-file /Users/vardaan/Library/Developer/Xcode/DerivedData/ModuleCache.noindex/Session.modulevalidation -Xcc -I/Users/vardaan/Library/Developer/Xcode/DerivedData/Fathom-bkvdeihlrhmctlhldetlbfryqjce/Build/Intermediates.noindex/Fathom.build/Debug-iphonesimulator/Fathom.build/swift-overrides.hmap -emit-const-values -Xfrontend -const-gather-protocols-file -Xfrontend /Users/vardaan/Library/Developer/Xcode/DerivedData/Fathom-bkvdeihlrhmctlhldetlbfryqjce/Build/Intermediates.noindex/Fathom.build/Debug-iphonesimulator/Fathom.build/Objects-normal/arm64/Fathom_const_extract_protocols.json -Xcc -iquote -Xcc /Users/vardaan/Library/Developer/Xcode/DerivedData/Fathom-bkvdeihlrhmctlhldetlbfryqjce/Build/Intermediates.noindex/Fathom.build/Debug-iphonesimulator/Fathom.build/Fathom-generated-files.hmap -Xcc -I/Users/vardaan/Library/Developer/Xcode/DerivedData/Fathom-bkvdeihlrhmctlhldetlbfryqjce/Build/Intermediates.noindex/Fathom.build/Debug-iphonesimulator/Fathom.build/Fathom-own-target-headers.hmap -Xcc -I/Users/vardaan/Library/Developer/Xcode/DerivedData/Fathom-bkvdeihlrhmctlhldetlbfryqjce/Build/Intermediates.noindex/Fathom.build/Debug-iphonesimulator/Fathom.build/Fathom-all-non-framework-target-headers.hmap -Xcc -ivfsoverlay -Xcc /Users/vardaan/Library/Developer/Xcode/DerivedData/Fathom-bkvdeihlrhmctlhldetlbfryqjce/Build/Intermediates.noindex/Fathom.build/Debug-iphonesimulator/Fathom-53f679797332ef8f94ab82cd6be1453a-VFS-iphonesimulator/all-product-headers.yaml -Xcc -iquote -Xcc /Users/vardaan/Library/Developer/Xcode/DerivedData/Fathom-bkvdeihlrhmctlhldetlbfryqjce/Build/Intermediates.noindex/Fathom.build/Debug-iphonesimulator/Fathom.build/Fathom-project-headers.hmap -Xcc -I/Users/vardaan/Library/Developer/Xcode/DerivedData/Fathom-bkvdeihlrhmctlhldetlbfryqjce/SourcePackages/checkouts/GCDWebServer/GCDWebServer/include -Xcc -I/Users/vardaan/Library/Developer/Xcode/DerivedData/Fathom-bkvdeihlrhmctlhldetlbfryqjce/SourcePackages/checkouts/swift-atomics/Sources/_AtomicsShims/include -Xcc -I/Users/vardaan/Library/Developer/Xcode/DerivedData/Fathom-bkvdeihlrhmctlhldetlbfryqjce/SourcePackages/checkouts/Zip/Zip/minizip/include -Xcc -I/Users/vardaan/Library/Developer/Xcode/DerivedData/Fathom-bkvdeihlrhmctlhldetlbfryqjce/Build/Products/Debug-iphonesimulator/include -Xcc -I/Users/vardaan/Library/Developer/Xcode/DerivedData/Fathom-bkvdeihlrhmctlhldetlbfryqjce/Build/Intermediates.noindex/Fathom.build/Debug-iphonesimulator/Fathom.build/DerivedSources-normal/arm64 -Xcc -I/Users/vardaan/Library/Developer/Xcode/DerivedData/Fathom-bkvdeihlrhmctlhldetlbfryqjce/Build/Intermediates.noindex/Fathom.build/Debug-iphonesimulator/Fathom.build/DerivedSources/arm64 -Xcc -I/Users/vardaan/Library/Developer/Xcode/DerivedData/Fathom-bkvdeihlrhmctlhldetlbfryqjce/Build/Intermediates.noindex/Fathom.build/Debug-iphonesimulator/Fathom.build/DerivedSources -Xcc -DDEBUG\=1 -emit-objc-header -emit-objc-header-path /Users/vardaan/Library/Developer/Xcode/DerivedData/Fathom-bkvdeihlrhmctlhldetlbfryqjce/Build/Intermediates.noindex/Fathom.build/Debug-iphonesimulator/Fathom.build/Objects-normal/arm64/Fathom-Swift.h -working-directory /Users/vardaan/Projects/fathom/fathom_ios -experimental-emit-module-separately -disable-cmo

SwiftDriver Fathom normal x86_64 com.apple.xcode.tools.swift.compiler (in target 'Fathom' from project 'Fathom')
    cd /Users/vardaan/Projects/fathom/fathom_ios
    builtin-SwiftDriver -- /Applications/Xcode.app/Contents/Developer/Toolchains/XcodeDefault.xctoolchain/usr/bin/swiftc -module-name Fathom -Onone -enforce-exclusivity\=checked @/Users/vardaan/Library/Developer/Xcode/DerivedData/Fathom-bkvdeihlrhmctlhldetlbfryqjce/Build/Intermediates.noindex/Fathom.build/Debug-iphonesimulator/Fathom.build/Objects-normal/x86_64/Fathom.SwiftFileList -DDEBUG -Xcc -fmodule-map-file\=/Users/vardaan/Library/Developer/Xcode/DerivedData/Fathom-bkvdeihlrhmctlhldetlbfryqjce/SourcePackages/checkouts/GRDB.swift/Sources/GRDBSQLite/module.modulemap -Xcc -fmodule-map-file\=/Users/vardaan/Library/Developer/Xcode/DerivedData/Fathom-bkvdeihlrhmctlhldetlbfryqjce/Build/Intermediates.noindex/GeneratedModuleMaps-iphonesimulator/ReadiumGCDWebServer.modulemap -Xcc -fmodule-map-file\=/Users/vardaan/Library/Developer/Xcode/DerivedData/Fathom-bkvdeihlrhmctlhldetlbfryqjce/Build/Intermediates.noindex/GeneratedModuleMaps-iphonesimulator/Minizip.modulemap -default-isolation\=MainActor -enable-bare-slash-regex -enable-upcoming-feature DisableOutwardActorInference -enable-upcoming-feature InferSendableFromCaptures -enable-upcoming-feature GlobalActorIsolatedTypesUsability -enable-upcoming-feature MemberImportVisibility -enable-upcoming-feature InferIsolatedConformances -enable-upcoming-feature NonisolatedNonsendingByDefault -enable-experimental-feature DebugDescriptionMacro -sdk /Applications/Xcode.app/Contents/Developer/Platforms/iPhoneSimulator.platform/Developer/SDKs/iPhoneSimulator26.2.sdk -target x86_64-apple-ios26.2-simulator -g -module-cache-path /Users/vardaan/Library/Developer/Xcode/DerivedData/ModuleCache.noindex -Xfrontend -serialize-debugging-options -enable-testing -index-store-path /Users/vardaan/Library/Developer/Xcode/DerivedData/Fathom-bkvdeihlrhmctlhldetlbfryqjce/Index.noindex/DataStore -Xcc -D_LIBCPP_HARDENING_MODE\=_LIBCPP_HARDENING_MODE_DEBUG -swift-version 5 -I /Users/vardaan/Library/Developer/Xcode/DerivedData/Fathom-bkvdeihlrhmctlhldetlbfryqjce/Build/Products/Debug-iphonesimulator -F /Users/vardaan/Library/Developer/Xcode/DerivedData/Fathom-bkvdeihlrhmctlhldetlbfryqjce/Build/Products/Debug-iphonesimulator/PackageFrameworks -F /Users/vardaan/Library/Developer/Xcode/DerivedData/Fathom-bkvdeihlrhmctlhldetlbfryqjce/Build/Products/Debug-iphonesimulator/PackageFrameworks -F /Users/vardaan/Library/Developer/Xcode/DerivedData/Fathom-bkvdeihlrhmctlhldetlbfryqjce/Build/Products/Debug-iphonesimulator/PackageFrameworks -F /Users/vardaan/Library/Developer/Xcode/DerivedData/Fathom-bkvdeihlrhmctlhldetlbfryqjce/Build/Products/Debug-iphonesimulator/PackageFrameworks -F /Users/vardaan/Library/Developer/Xcode/DerivedData/Fathom-bkvdeihlrhmctlhldetlbfryqjce/Build/Products/Debug-iphonesimulator/PackageFrameworks -F /Users/vardaan/Library/Developer/Xcode/DerivedData/Fathom-bkvdeihlrhmctlhldetlbfryqjce/Build/Products/Debug-iphonesimulator/PackageFrameworks -F /Users/vardaan/Library/Developer/Xcode/DerivedData/Fathom-bkvdeihlrhmctlhldetlbfryqjce/Build/Products/Debug-iphonesimulator/PackageFrameworks -F /Users/vardaan/Library/Developer/Xcode/DerivedData/Fathom-bkvdeihlrhmctlhldetlbfryqjce/Build/Products/Debug-iphonesimulator/PackageFrameworks -F /Users/vardaan/Library/Developer/Xcode/DerivedData/Fathom-bkvdeihlrhmctlhldetlbfryqjce/Build/Products/Debug-iphonesimulator/PackageFrameworks -F /Users/vardaan/Library/Developer/Xcode/DerivedData/Fathom-bkvdeihlrhmctlhldetlbfryqjce/Build/Products/Debug-iphonesimulator/PackageFrameworks -F /Users/vardaan/Library/Developer/Xcode/DerivedData/Fathom-bkvdeihlrhmctlhldetlbfryqjce/Build/Products/Debug-iphonesimulator/PackageFrameworks -F /Users/vardaan/Library/Developer/Xcode/DerivedData/Fathom-bkvdeihlrhmctlhldetlbfryqjce/Build/Products/Debug-iphonesimulator/PackageFrameworks -F /Users/vardaan/Library/Developer/Xcode/DerivedData/Fathom-bkvdeihlrhmctlhldetlbfryqjce/Build/Products/Debug-iphonesimulator/PackageFrameworks -F /Users/vardaan/Library/Developer/Xcode/DerivedData/Fathom-bkvdeihlrhmctlhldetlbfryqjce/Build/Products/Debug-iphonesimulator/PackageFrameworks -F /Users/vardaan/Library/Developer/Xcode/DerivedData/Fathom-bkvdeihlrhmctlhldetlbfryqjce/Build/Products/Debug-iphonesimulator/PackageFrameworks -F /Users/vardaan/Library/Developer/Xcode/DerivedData/Fathom-bkvdeihlrhmctlhldetlbfryqjce/Build/Products/Debug-iphonesimulator/PackageFrameworks -F /Users/vardaan/Library/Developer/Xcode/DerivedData/Fathom-bkvdeihlrhmctlhldetlbfryqjce/Build/Products/Debug-iphonesimulator/PackageFrameworks -F /Users/vardaan/Library/Developer/Xcode/DerivedData/Fathom-bkvdeihlrhmctlhldetlbfryqjce/Build/Products/Debug-iphonesimulator/PackageFrameworks -F /Users/vardaan/Library/Developer/Xcode/DerivedData/Fathom-bkvdeihlrhmctlhldetlbfryqjce/Build/Products/Debug-iphonesimulator/PackageFrameworks -F /Users/vardaan/Library/Developer/Xcode/DerivedData/Fathom-bkvdeihlrhmctlhldetlbfryqjce/Build/Products/Debug-iphonesimulator/PackageFrameworks -F /Users/vardaan/Library/Developer/Xcode/DerivedData/Fathom-bkvdeihlrhmctlhldetlbfryqjce/Build/Products/Debug-iphonesimulator/PackageFrameworks -F /Users/vardaan/Library/Developer/Xcode/DerivedData/Fathom-bkvdeihlrhmctlhldetlbfryqjce/Build/Products/Debug-iphonesimulator/PackageFrameworks -F /Users/vardaan/Library/Developer/Xcode/DerivedData/Fathom-bkvdeihlrhmctlhldetlbfryqjce/Build/Products/Debug-iphonesimulator/PackageFrameworks -F /Users/vardaan/Library/Developer/Xcode/DerivedData/Fathom-bkvdeihlrhmctlhldetlbfryqjce/Build/Products/Debug-iphonesimulator/PackageFrameworks -F /Users/vardaan/Library/Developer/Xcode/DerivedData/Fathom-bkvdeihlrhmctlhldetlbfryqjce/Build/Products/Debug-iphonesimulator/PackageFrameworks -F /Users/vardaan/Library/Developer/Xcode/DerivedData/Fathom-bkvdeihlrhmctlhldetlbfryqjce/Build/Products/Debug-iphonesimulator/PackageFrameworks -F /Users/vardaan/Library/Developer/Xcode/DerivedData/Fathom-bkvdeihlrhmctlhldetlbfryqjce/Build/Products/Debug-iphonesimulator -emit-localized-strings -emit-localized-strings-path /Users/vardaan/Library/Developer/Xcode/DerivedData/Fathom-bkvdeihlrhmctlhldetlbfryqjce/Build/Intermediates.noindex/Fathom.build/Debug-iphonesimulator/Fathom.build/Objects-normal/x86_64 -c -j8 -enable-batch-mode -incremental -Xcc -ivfsstatcache -Xcc /Users/vardaan/Library/Developer/Xcode/DerivedData/SDKStatCaches.noindex/iphonesimulator26.2-23C57-7d00a8b37fbd7999ea79df8ebc024bf0.sdkstatcache -output-file-map /Users/vardaan/Library/Developer/Xcode/DerivedData/Fathom-bkvdeihlrhmctlhldetlbfryqjce/Build/Intermediates.noindex/Fathom.build/Debug-iphonesimulator/Fathom.build/Objects-normal/x86_64/Fathom-OutputFileMap.json -use-frontend-parseable-output -save-temps -no-color-diagnostics -explicit-module-build -module-cache-path /Users/vardaan/Library/Developer/Xcode/DerivedData/Fathom-bkvdeihlrhmctlhldetlbfryqjce/Build/Intermediates.noindex/SwiftExplicitPrecompiledModules -clang-scanner-module-cache-path /Users/vardaan/Library/Developer/Xcode/DerivedData/ModuleCache.noindex -sdk-module-cache-path /Users/vardaan/Library/Developer/Xcode/DerivedData/ModuleCache.noindex -serialize-diagnostics -emit-dependencies -emit-module -emit-module-path /Users/vardaan/Library/Developer/Xcode/DerivedData/Fathom-bkvdeihlrhmctlhldetlbfryqjce/Build/Intermediates.noindex/Fathom.build/Debug-iphonesimulator/Fathom.build/Objects-normal/x86_64/Fathom.swiftmodule -validate-clang-modules-once -clang-build-session-file /Users/vardaan/Library/Developer/Xcode/DerivedData/ModuleCache.noindex/Session.modulevalidation -Xcc -I/Users/vardaan/Library/Developer/Xcode/DerivedData/Fathom-bkvdeihlrhmctlhldetlbfryqjce/Build/Intermediates.noindex/Fathom.build/Debug-iphonesimulator/Fathom.build/swift-overrides.hmap -emit-const-values -Xfrontend -const-gather-protocols-file -Xfrontend /Users/vardaan/Library/Developer/Xcode/DerivedData/Fathom-bkvdeihlrhmctlhldetlbfryqjce/Build/Intermediates.noindex/Fathom.build/Debug-iphonesimulator/Fathom.build/Objects-normal/x86_64/Fathom_const_extract_protocols.json -Xcc -iquote -Xcc /Users/vardaan/Library/Developer/Xcode/DerivedData/Fathom-bkvdeihlrhmctlhldetlbfryqjce/Build/Intermediates.noindex/Fathom.build/Debug-iphonesimulator/Fathom.build/Fathom-generated-files.hmap -Xcc -I/Users/vardaan/Library/Developer/Xcode/DerivedData/Fathom-bkvdeihlrhmctlhldetlbfryqjce/Build/Intermediates.noindex/Fathom.build/Debug-iphonesimulator/Fathom.build/Fathom-own-target-headers.hmap -Xcc -I/Users/vardaan/Library/Developer/Xcode/DerivedData/Fathom-bkvdeihlrhmctlhldetlbfryqjce/Build/Intermediates.noindex/Fathom.build/Debug-iphonesimulator/Fathom.build/Fathom-all-non-framework-target-headers.hmap -Xcc -ivfsoverlay -Xcc /Users/vardaan/Library/Developer/Xcode/DerivedData/Fathom-bkvdeihlrhmctlhldetlbfryqjce/Build/Intermediates.noindex/Fathom.build/Debug-iphonesimulator/Fathom-53f679797332ef8f94ab82cd6be1453a-VFS-iphonesimulator/all-product-headers.yaml -Xcc -iquote -Xcc /Users/vardaan/Library/Developer/Xcode/DerivedData/Fathom-bkvdeihlrhmctlhldetlbfryqjce/Build/Intermediates.noindex/Fathom.build/Debug-iphonesimulator/Fathom.build/Fathom-project-headers.hmap -Xcc -I/Users/vardaan/Library/Developer/Xcode/DerivedData/Fathom-bkvdeihlrhmctlhldetlbfryqjce/SourcePackages/checkouts/GCDWebServer/GCDWebServer/include -Xcc -I/Users/vardaan/Library/Developer/Xcode/DerivedData/Fathom-bkvdeihlrhmctlhldetlbfryqjce/SourcePackages/checkouts/swift-atomics/Sources/_AtomicsShims/include -Xcc -I/Users/vardaan/Library/Developer/Xcode/DerivedData/Fathom-bkvdeihlrhmctlhldetlbfryqjce/SourcePackages/checkouts/Zip/Zip/minizip/include -Xcc -I/Users/vardaan/Library/Developer/Xcode/DerivedData/Fathom-bkvdeihlrhmctlhldetlbfryqjce/Build/Products/Debug-iphonesimulator/include -Xcc -I/Users/vardaan/Library/Developer/Xcode/DerivedData/Fathom-bkvdeihlrhmctlhldetlbfryqjce/Build/Intermediates.noindex/Fathom.build/Debug-iphonesimulator/Fathom.build/DerivedSources-normal/x86_64 -Xcc -I/Users/vardaan/Library/Developer/Xcode/DerivedData/Fathom-bkvdeihlrhmctlhldetlbfryqjce/Build/Intermediates.noindex/Fathom.build/Debug-iphonesimulator/Fathom.build/DerivedSources/x86_64 -Xcc -I/Users/vardaan/Library/Developer/Xcode/DerivedData/Fathom-bkvdeihlrhmctlhldetlbfryqjce/Build/Intermediates.noindex/Fathom.build/Debug-iphonesimulator/Fathom.build/DerivedSources -Xcc -DDEBUG\=1 -emit-objc-header -emit-objc-header-path /Users/vardaan/Library/Developer/Xcode/DerivedData/Fathom-bkvdeihlrhmctlhldetlbfryqjce/Build/Intermediates.noindex/Fathom.build/Debug-iphonesimulator/Fathom.build/Objects-normal/x86_64/Fathom-Swift.h -working-directory /Users/vardaan/Projects/fathom/fathom_ios -experimental-emit-module-separately -disable-cmo

SwiftCompile normal x86_64 Compiling\ APIClient.swift,\ CodeVerifierStorage.swift /Users/vardaan/Library/Developer/Xcode/DerivedData/Fathom-bkvdeihlrhmctlhldetlbfryqjce/SourcePackages/checkouts/supabase-swift/Sources/Auth/Internal/APIClient.swift /Users/vardaan/Library/Developer/Xcode/DerivedData/Fathom-bkvdeihlrhmctlhldetlbfryqjce/SourcePackages/checkouts/supabase-swift/Sources/Auth/Internal/CodeVerifierStorage.swift (in target 'Auth' from project 'Supabase')

SwiftCompile normal x86_64 /Users/vardaan/Library/Developer/Xcode/DerivedData/Fathom-bkvdeihlrhmctlhldetlbfryqjce/SourcePackages/checkouts/supabase-swift/Sources/Auth/Internal/APIClient.swift (in target 'Auth' from project 'Supabase')
    cd /Users/vardaan/Projects/fathom/fathom_ios/Fathom.xcodeproj
    

SwiftCompile normal x86_64 /Users/vardaan/Library/Developer/Xcode/DerivedData/Fathom-bkvdeihlrhmctlhldetlbfryqjce/SourcePackages/checkouts/supabase-swift/Sources/Auth/Internal/CodeVerifierStorage.swift (in target 'Auth' from project 'Supabase')
    cd /Users/vardaan/Projects/fathom/fathom_ios/Fathom.xcodeproj
    

SwiftCompile normal x86_64 Compiling\ AuthMFA.swift,\ AuthStateChangeListener.swift /Users/vardaan/Library/Developer/Xcode/DerivedData/Fathom-bkvdeihlrhmctlhldetlbfryqjce/SourcePackages/checkouts/supabase-swift/Sources/Auth/AuthMFA.swift /Users/vardaan/Library/Developer/Xcode/DerivedData/Fathom-bkvdeihlrhmctlhldetlbfryqjce/SourcePackages/checkouts/supabase-swift/Sources/Auth/AuthStateChangeListener.swift (in target 'Auth' from project 'Supabase')

SwiftCompile normal x86_64 /Users/vardaan/Library/Developer/Xcode/DerivedData/Fathom-bkvdeihlrhmctlhldetlbfryqjce/SourcePackages/checkouts/supabase-swift/Sources/Auth/AuthMFA.swift (in target 'Auth' from project 'Supabase')
    cd /Users/vardaan/Projects/fathom/fathom_ios/Fathom.xcodeproj
    

SwiftCompile normal x86_64 /Users/vardaan/Library/Developer/Xcode/DerivedData/Fathom-bkvdeihlrhmctlhldetlbfryqjce/SourcePackages/checkouts/supabase-swift/Sources/Auth/AuthStateChangeListener.swift (in target 'Auth' from project 'Supabase')
    cd /Users/vardaan/Projects/fathom/fathom_ios/Fathom.xcodeproj
    

SwiftCompile normal x86_64 Compiling\ AuthAdmin.swift,\ AuthAdminOAuth.swift,\ AuthClient.swift /Users/vardaan/Library/Developer/Xcode/DerivedData/Fathom-bkvdeihlrhmctlhldetlbfryqjce/SourcePackages/checkouts/supabase-swift/Sources/Auth/AuthAdmin.swift /Users/vardaan/Library/Developer/Xcode/DerivedData/Fathom-bkvdeihlrhmctlhldetlbfryqjce/SourcePackages/checkouts/supabase-swift/Sources/Auth/AuthAdminOAuth.swift /Users/vardaan/Library/Developer/Xcode/DerivedData/Fathom-bkvdeihlrhmctlhldetlbfryqjce/SourcePackages/checkouts/supabase-swift/Sources/Auth/AuthClient.swift (in target 'Auth' from project 'Supabase')

SwiftCompile normal x86_64 /Users/vardaan/Library/Developer/Xcode/DerivedData/Fathom-bkvdeihlrhmctlhldetlbfryqjce/SourcePackages/checkouts/supabase-swift/Sources/Auth/AuthAdmin.swift (in target 'Auth' from project 'Supabase')
    cd /Users/vardaan/Projects/fathom/fathom_ios/Fathom.xcodeproj
    

SwiftCompile normal x86_64 /Users/vardaan/Library/Developer/Xcode/DerivedData/Fathom-bkvdeihlrhmctlhldetlbfryqjce/SourcePackages/checkouts/supabase-swift/Sources/Auth/AuthAdminOAuth.swift (in target 'Auth' from project 'Supabase')
    cd /Users/vardaan/Projects/fathom/fathom_ios/Fathom.xcodeproj
    

SwiftCompile normal x86_64 /Users/vardaan/Library/Developer/Xcode/DerivedData/Fathom-bkvdeihlrhmctlhldetlbfryqjce/SourcePackages/checkouts/supabase-swift/Sources/Auth/AuthClient.swift (in target 'Auth' from project 'Supabase')
    cd /Users/vardaan/Projects/fathom/fathom_ios/Fathom.xcodeproj
    

SwiftEmitModule normal x86_64 Emitting\ module\ for\ Auth (in target 'Auth' from project 'Supabase')

EmitSwiftModule normal x86_64 (in target 'Auth' from project 'Supabase')
    cd /Users/vardaan/Projects/fathom/fathom_ios/Fathom.xcodeproj
    

SwiftCompile normal x86_64 Compiling\ AuthClientConfiguration.swift,\ AuthError.swift /Users/vardaan/Library/Developer/Xcode/DerivedData/Fathom-bkvdeihlrhmctlhldetlbfryqjce/SourcePackages/checkouts/supabase-swift/Sources/Auth/AuthClientConfiguration.swift /Users/vardaan/Library/Developer/Xcode/DerivedData/Fathom-bkvdeihlrhmctlhldetlbfryqjce/SourcePackages/checkouts/supabase-swift/Sources/Auth/AuthError.swift (in target 'Auth' from project 'Supabase')

SwiftCompile normal x86_64 /Users/vardaan/Library/Developer/Xcode/DerivedData/Fathom-bkvdeihlrhmctlhldetlbfryqjce/SourcePackages/checkouts/supabase-swift/Sources/Auth/AuthClientConfiguration.swift (in target 'Auth' from project 'Supabase')
    cd /Users/vardaan/Projects/fathom/fathom_ios/Fathom.xcodeproj
    

SwiftCompile normal x86_64 /Users/vardaan/Library/Developer/Xcode/DerivedData/Fathom-bkvdeihlrhmctlhldetlbfryqjce/SourcePackages/checkouts/supabase-swift/Sources/Auth/AuthError.swift (in target 'Auth' from project 'Supabase')
    cd /Users/vardaan/Projects/fathom/fathom_ios/Fathom.xcodeproj
    

SwiftCompile normal x86_64 Compiling\ SessionManager.swift,\ SessionStorage.swift /Users/vardaan/Library/Developer/Xcode/DerivedData/Fathom-bkvdeihlrhmctlhldetlbfryqjce/SourcePackages/checkouts/supabase-swift/Sources/Auth/Internal/SessionManager.swift /Users/vardaan/Library/Developer/Xcode/DerivedData/Fathom-bkvdeihlrhmctlhldetlbfryqjce/SourcePackages/checkouts/supabase-swift/Sources/Auth/Internal/SessionStorage.swift (in target 'Auth' from project 'Supabase')

SwiftCompile normal x86_64 /Users/vardaan/Library/Developer/Xcode/DerivedData/Fathom-bkvdeihlrhmctlhldetlbfryqjce/SourcePackages/checkouts/supabase-swift/Sources/Auth/Internal/SessionManager.swift (in target 'Auth' from project 'Supabase')
    cd /Users/vardaan/Projects/fathom/fathom_ios/Fathom.xcodeproj
    

SwiftCompile normal x86_64 /Users/vardaan/Library/Developer/Xcode/DerivedData/Fathom-bkvdeihlrhmctlhldetlbfryqjce/SourcePackages/checkouts/supabase-swift/Sources/Auth/Internal/SessionStorage.swift (in target 'Auth' from project 'Supabase')
    cd /Users/vardaan/Projects/fathom/fathom_ios/Fathom.xcodeproj
    

SwiftEmitModule normal x86_64 Emitting\ module\ for\ Fathom (in target 'Fathom' from project 'Fathom')

EmitSwiftModule normal x86_64 (in target 'Fathom' from project 'Fathom')
    cd /Users/vardaan/Projects/fathom/fathom_ios
    
/Users/vardaan/Projects/fathom/fathom_ios/Fathom/Data/NarrativeContextStore.swift:5:72: warning: main actor-isolated static property 'shared' can not be referenced from a nonisolated context
    static let shared = NarrativeContextStore(dbQueue: DatabaseManager.shared.dbQueue)
                                                                       ^
/Users/vardaan/Projects/fathom/fathom_ios/Fathom/Data/Database/DatabaseManager.swift:5:16: note: static property declared here
    static let shared: DatabaseManager = {
               ^
/Users/vardaan/Projects/fathom/fathom_ios/Fathom/Presentation/HomeViewModel.swift:12:83: warning: call to main actor-isolated initializer 'init()' in a synchronous nonisolated context
    init(bookRepository: BookRepository, categoryRepository: CategoryRepository = InMemoryCategoryRepository()) {
                                                                                  ^
/Users/vardaan/Projects/fathom/fathom_ios/Fathom/Data/Repositories.swift:13:13: note: calls to initializer 'init()' from outside of its actor context are implicitly asynchronous
final actor InMemoryCategoryRepository: CategoryRepository {
            ^
/Users/vardaan/Projects/fathom/fathom_ios/Fathom/Data/Repositories.swift:13:13: note: main actor isolation inferred from conformance to protocol 'CategoryRepository'
final actor InMemoryCategoryRepository: CategoryRepository {
            ^

SwiftEmitModule normal arm64 Emitting\ module\ for\ Fathom (in target 'Fathom' from project 'Fathom')

EmitSwiftModule normal arm64 (in target 'Fathom' from project 'Fathom')
    cd /Users/vardaan/Projects/fathom/fathom_ios
    
/Users/vardaan/Projects/fathom/fathom_ios/Fathom/Data/NarrativeContextStore.swift:5:72: warning: main actor-isolated static property 'shared' can not be referenced from a nonisolated context
    static let shared = NarrativeContextStore(dbQueue: DatabaseManager.shared.dbQueue)
                                                                       ^
/Users/vardaan/Projects/fathom/fathom_ios/Fathom/Data/Database/DatabaseManager.swift:5:16: note: static property declared here
    static let shared: DatabaseManager = {
               ^
/Users/vardaan/Projects/fathom/fathom_ios/Fathom/Presentation/HomeViewModel.swift:12:83: warning: call to main actor-isolated initializer 'init()' in a synchronous nonisolated context
    init(bookRepository: BookRepository, categoryRepository: CategoryRepository = InMemoryCategoryRepository()) {
                                                                                  ^
/Users/vardaan/Projects/fathom/fathom_ios/Fathom/Data/Repositories.swift:13:13: note: calls to initializer 'init()' from outside of its actor context are implicitly asynchronous
final actor InMemoryCategoryRepository: CategoryRepository {
            ^
/Users/vardaan/Projects/fathom/fathom_ios/Fathom/Data/Repositories.swift:13:13: note: main actor isolation inferred from conformance to protocol 'CategoryRepository'
final actor InMemoryCategoryRepository: CategoryRepository {
            ^

SwiftDriverJobDiscovery normal x86_64 Compiling AuthMFA.swift, AuthStateChangeListener.swift (in target 'Auth' from project 'Supabase')

SwiftCompile normal x86_64 Compiling\ Toast.swift,\ BorderBeamEffect.swift,\ Color+Hex.swift,\ String+HTML.swift,\ AppTheme.swift,\ EnvironmentValues+Theme.swift /Users/vardaan/Projects/fathom/fathom_ios/Fathom/UI/Components/Toast.swift /Users/vardaan/Projects/fathom/fathom_ios/Fathom/UI/Extensions/BorderBeamEffect.swift /Users/vardaan/Projects/fathom/fathom_ios/Fathom/UI/Extensions/Color+Hex.swift /Users/vardaan/Projects/fathom/fathom_ios/Fathom/UI/Extensions/String+HTML.swift /Users/vardaan/Projects/fathom/fathom_ios/Fathom/UI/Theme/AppTheme.swift /Users/vardaan/Projects/fathom/fathom_ios/Fathom/UI/Theme/EnvironmentValues+Theme.swift (in target 'Fathom' from project 'Fathom')

SwiftCompile normal x86_64 /Users/vardaan/Projects/fathom/fathom_ios/Fathom/UI/Components/Toast.swift (in target 'Fathom' from project 'Fathom')
    cd /Users/vardaan/Projects/fathom/fathom_ios
    

SwiftCompile normal x86_64 /Users/vardaan/Projects/fathom/fathom_ios/Fathom/UI/Extensions/BorderBeamEffect.swift (in target 'Fathom' from project 'Fathom')
    cd /Users/vardaan/Projects/fathom/fathom_ios
    

SwiftCompile normal x86_64 /Users/vardaan/Projects/fathom/fathom_ios/Fathom/UI/Extensions/Color+Hex.swift (in target 'Fathom' from project 'Fathom')
    cd /Users/vardaan/Projects/fathom/fathom_ios
    

SwiftCompile normal x86_64 /Users/vardaan/Projects/fathom/fathom_ios/Fathom/UI/Extensions/String+HTML.swift (in target 'Fathom' from project 'Fathom')
    cd /Users/vardaan/Projects/fathom/fathom_ios
    

SwiftCompile normal x86_64 /Users/vardaan/Projects/fathom/fathom_ios/Fathom/UI/Theme/AppTheme.swift (in target 'Fathom' from project 'Fathom')
    cd /Users/vardaan/Projects/fathom/fathom_ios
    

SwiftCompile normal x86_64 /Users/vardaan/Projects/fathom/fathom_ios/Fathom/UI/Theme/EnvironmentValues+Theme.swift (in target 'Fathom' from project 'Fathom')
    cd /Users/vardaan/Projects/fathom/fathom_ios
    

SwiftDriverJobDiscovery normal x86_64 Compiling APIClient.swift, CodeVerifierStorage.swift (in target 'Auth' from project 'Supabase')

SwiftCompile normal x86_64 Compiling\ EmailEntryView.swift,\ MagicLinkSentView.swift,\ BookCategorySection.swift,\ BookCoverView.swift,\ CustomTabBar.swift,\ ImageGradient.swift /Users/vardaan/Projects/fathom/fathom_ios/Fathom/UI/Auth/EmailEntryView.swift /Users/vardaan/Projects/fathom/fathom_ios/Fathom/UI/Auth/MagicLinkSentView.swift /Users/vardaan/Projects/fathom/fathom_ios/Fathom/UI/Components/BookCategorySection.swift /Users/vardaan/Projects/fathom/fathom_ios/Fathom/UI/Components/BookCoverView.swift /Users/vardaan/Projects/fathom/fathom_ios/Fathom/UI/Components/CustomTabBar.swift /Users/vardaan/Projects/fathom/fathom_ios/Fathom/UI/Components/ImageGradient.swift (in target 'Fathom' from project 'Fathom')

SwiftCompile normal x86_64 /Users/vardaan/Projects/fathom/fathom_ios/Fathom/UI/Auth/EmailEntryView.swift (in target 'Fathom' from project 'Fathom')
    cd /Users/vardaan/Projects/fathom/fathom_ios
    

SwiftCompile normal x86_64 /Users/vardaan/Projects/fathom/fathom_ios/Fathom/UI/Auth/MagicLinkSentView.swift (in target 'Fathom' from project 'Fathom')
    cd /Users/vardaan/Projects/fathom/fathom_ios
    
/Users/vardaan/Projects/fathom/fathom_ios/Fathom/UI/Auth/MagicLinkSentView.swift:65:51: warning: '+' was deprecated in iOS 26.0: Use string interpolation on `Text` instead: `Text("Hello \(name)")`
                Text("We sent a magic link to\n") +
                                                  ^

SwiftCompile normal x86_64 /Users/vardaan/Projects/fathom/fathom_ios/Fathom/UI/Components/BookCategorySection.swift (in target 'Fathom' from project 'Fathom')
    cd /Users/vardaan/Projects/fathom/fathom_ios
    

SwiftCompile normal x86_64 /Users/vardaan/Projects/fathom/fathom_ios/Fathom/UI/Components/BookCoverView.swift (in target 'Fathom' from project 'Fathom')
    cd /Users/vardaan/Projects/fathom/fathom_ios
    

SwiftCompile normal x86_64 /Users/vardaan/Projects/fathom/fathom_ios/Fathom/UI/Components/CustomTabBar.swift (in target 'Fathom' from project 'Fathom')
    cd /Users/vardaan/Projects/fathom/fathom_ios
    

SwiftCompile normal x86_64 /Users/vardaan/Projects/fathom/fathom_ios/Fathom/UI/Components/ImageGradient.swift (in target 'Fathom' from project 'Fathom')
    cd /Users/vardaan/Projects/fathom/fathom_ios
    

SwiftDriverJobDiscovery normal x86_64 Compiling SessionManager.swift, SessionStorage.swift (in target 'Auth' from project 'Supabase')

SwiftCompile normal arm64 Compiling\ ReaderScreen.swift,\ ReaderSettingsView.swift,\ RootView.swift,\ SettingsView.swift,\ GeneratedAssetSymbols.swift /Users/vardaan/Projects/fathom/fathom_ios/Fathom/UI/ReaderScreen.swift /Users/vardaan/Projects/fathom/fathom_ios/Fathom/UI/ReaderSettingsView.swift /Users/vardaan/Projects/fathom/fathom_ios/Fathom/UI/RootView.swift /Users/vardaan/Projects/fathom/fathom_ios/Fathom/UI/SettingsView.swift /Users/vardaan/Library/Developer/Xcode/DerivedData/Fathom-bkvdeihlrhmctlhldetlbfryqjce/Build/Intermediates.noindex/Fathom.build/Debug-iphonesimulator/Fathom.build/DerivedSources/GeneratedAssetSymbols.swift (in target 'Fathom' from project 'Fathom')

SwiftCompile normal arm64 /Users/vardaan/Projects/fathom/fathom_ios/Fathom/UI/ReaderScreen.swift (in target 'Fathom' from project 'Fathom')
    cd /Users/vardaan/Projects/fathom/fathom_ios
    

SwiftCompile normal arm64 /Users/vardaan/Projects/fathom/fathom_ios/Fathom/UI/ReaderSettingsView.swift (in target 'Fathom' from project 'Fathom')
    cd /Users/vardaan/Projects/fathom/fathom_ios
    

SwiftCompile normal arm64 /Users/vardaan/Projects/fathom/fathom_ios/Fathom/UI/RootView.swift (in target 'Fathom' from project 'Fathom')
    cd /Users/vardaan/Projects/fathom/fathom_ios
    

SwiftCompile normal arm64 /Users/vardaan/Projects/fathom/fathom_ios/Fathom/UI/SettingsView.swift (in target 'Fathom' from project 'Fathom')
    cd /Users/vardaan/Projects/fathom/fathom_ios
    

SwiftCompile normal arm64 /Users/vardaan/Library/Developer/Xcode/DerivedData/Fathom-bkvdeihlrhmctlhldetlbfryqjce/Build/Intermediates.noindex/Fathom.build/Debug-iphonesimulator/Fathom.build/DerivedSources/GeneratedAssetSymbols.swift (in target 'Fathom' from project 'Fathom')
    cd /Users/vardaan/Projects/fathom/fathom_ios
    

SwiftDriverJobDiscovery normal x86_64 Compiling AuthClientConfiguration.swift, AuthError.swift (in target 'Auth' from project 'Supabase')

SwiftCompile normal arm64 Compiling\ BookDetailHeroView.swift,\ BookDetailsScreen.swift,\ HomeScreen.swift,\ NewShelfSheet.swift,\ ReaderOverlay.swift /Users/vardaan/Projects/fathom/fathom_ios/Fathom/UI/BookDetailHeroView.swift /Users/vardaan/Projects/fathom/fathom_ios/Fathom/UI/BookDetailsScreen.swift /Users/vardaan/Projects/fathom/fathom_ios/Fathom/UI/HomeScreen.swift /Users/vardaan/Projects/fathom/fathom_ios/Fathom/UI/NewShelfSheet.swift /Users/vardaan/Projects/fathom/fathom_ios/Fathom/UI/ReaderOverlay.swift (in target 'Fathom' from project 'Fathom')

SwiftCompile normal arm64 /Users/vardaan/Projects/fathom/fathom_ios/Fathom/UI/BookDetailHeroView.swift (in target 'Fathom' from project 'Fathom')
    cd /Users/vardaan/Projects/fathom/fathom_ios
    

SwiftCompile normal arm64 /Users/vardaan/Projects/fathom/fathom_ios/Fathom/UI/BookDetailsScreen.swift (in target 'Fathom' from project 'Fathom')
    cd /Users/vardaan/Projects/fathom/fathom_ios
    

SwiftCompile normal arm64 /Users/vardaan/Projects/fathom/fathom_ios/Fathom/UI/HomeScreen.swift (in target 'Fathom' from project 'Fathom')
    cd /Users/vardaan/Projects/fathom/fathom_ios
    
/Users/vardaan/Projects/fathom/fathom_ios/Fathom/UI/HomeScreen.swift:203:9: warning: result of call to 'withAnimation' is unused
        withAnimation(.spring(response: 0.32, dampingFraction: 0.80)) {
        ^            ~~~~~~~~~~~~~~~~~~~~~~~~~~~~~~~~~~~~~~~~~~~~~~~~~~
/Users/vardaan/Projects/fathom/fathom_ios/Fathom/Presentation/HomeViewModel.swift:12:83: warning: call to main actor-isolated initializer 'init()' in a synchronous nonisolated context
    init(bookRepository: BookRepository, categoryRepository: CategoryRepository = InMemoryCategoryRepository()) {
                                                                                  ^
/Users/vardaan/Projects/fathom/fathom_ios/Fathom/Data/Repositories.swift:13:13: note: calls to initializer 'init()' from outside of its actor context are implicitly asynchronous
final actor InMemoryCategoryRepository: CategoryRepository {
            ^
/Users/vardaan/Projects/fathom/fathom_ios/Fathom/Data/Repositories.swift:13:13: note: main actor isolation inferred from conformance to protocol 'CategoryRepository'
final actor InMemoryCategoryRepository: CategoryRepository {
            ^

SwiftCompile normal arm64 /Users/vardaan/Projects/fathom/fathom_ios/Fathom/UI/NewShelfSheet.swift (in target 'Fathom' from project 'Fathom')
    cd /Users/vardaan/Projects/fathom/fathom_ios
    

SwiftCompile normal arm64 /Users/vardaan/Projects/fathom/fathom_ios/Fathom/UI/ReaderOverlay.swift (in target 'Fathom' from project 'Fathom')
    cd /Users/vardaan/Projects/fathom/fathom_ios
    

SwiftCompile normal x86_64 Compiling\ HighlightPanelViews.swift,\ PublicationLoader.swift,\ ReaderService.swift,\ ReadiumNavigatorView.swift,\ ReadiumStack.swift,\ AuthFlowView.swift /Users/vardaan/Projects/fathom/fathom_ios/Fathom/ReaderEngine/HighlightPanelViews.swift /Users/vardaan/Projects/fathom/fathom_ios/Fathom/ReaderEngine/PublicationLoader.swift /Users/vardaan/Projects/fathom/fathom_ios/Fathom/ReaderEngine/ReaderService.swift /Users/vardaan/Projects/fathom/fathom_ios/Fathom/ReaderEngine/ReadiumNavigatorView.swift /Users/vardaan/Projects/fathom/fathom_ios/Fathom/ReaderEngine/ReadiumStack.swift /Users/vardaan/Projects/fathom/fathom_ios/Fathom/UI/Auth/AuthFlowView.swift (in target 'Fathom' from project 'Fathom')

SwiftCompile normal x86_64 /Users/vardaan/Projects/fathom/fathom_ios/Fathom/ReaderEngine/HighlightPanelViews.swift (in target 'Fathom' from project 'Fathom')
    cd /Users/vardaan/Projects/fathom/fathom_ios
    

SwiftCompile normal x86_64 /Users/vardaan/Projects/fathom/fathom_ios/Fathom/ReaderEngine/PublicationLoader.swift (in target 'Fathom' from project 'Fathom')
    cd /Users/vardaan/Projects/fathom/fathom_ios
    

SwiftCompile normal x86_64 /Users/vardaan/Projects/fathom/fathom_ios/Fathom/ReaderEngine/ReaderService.swift (in target 'Fathom' from project 'Fathom')
    cd /Users/vardaan/Projects/fathom/fathom_ios
    

SwiftCompile normal x86_64 /Users/vardaan/Projects/fathom/fathom_ios/Fathom/ReaderEngine/ReadiumNavigatorView.swift (in target 'Fathom' from project 'Fathom')
    cd /Users/vardaan/Projects/fathom/fathom_ios
    
/Users/vardaan/Projects/fathom/fathom_ios/Fathom/ReaderEngine/ReadiumNavigatorView.swift:482:17: warning: no 'async' operations occur within 'await' expression
                await navigator.submitPreferences(preferences)
                ^

SwiftCompile normal x86_64 /Users/vardaan/Projects/fathom/fathom_ios/Fathom/ReaderEngine/ReadiumStack.swift (in target 'Fathom' from project 'Fathom')
    cd /Users/vardaan/Projects/fathom/fathom_ios
    

SwiftCompile normal x86_64 /Users/vardaan/Projects/fathom/fathom_ios/Fathom/UI/Auth/AuthFlowView.swift (in target 'Fathom' from project 'Fathom')
    cd /Users/vardaan/Projects/fathom/fathom_ios
    

SwiftDriverJobDiscovery normal x86_64 Compiling AuthAdmin.swift, AuthAdminOAuth.swift, AuthClient.swift (in target 'Auth' from project 'Supabase')

SwiftCompile normal x86_64 Compiling\ BookDetailHeroViewModel.swift,\ BookDetailsViewModel.swift,\ HomeViewModel.swift,\ LibraryViewModel.swift,\ ReaderViewModel.swift,\ EPUBReaderView.swift /Users/vardaan/Projects/fathom/fathom_ios/Fathom/Presentation/BookDetailHeroViewModel.swift /Users/vardaan/Projects/fathom/fathom_ios/Fathom/Presentation/BookDetailsViewModel.swift /Users/vardaan/Projects/fathom/fathom_ios/Fathom/Presentation/HomeViewModel.swift /Users/vardaan/Projects/fathom/fathom_ios/Fathom/Presentation/LibraryViewModel.swift /Users/vardaan/Projects/fathom/fathom_ios/Fathom/Presentation/ReaderViewModel.swift /Users/vardaan/Projects/fathom/fathom_ios/Fathom/ReaderEngine/EPUBReaderView.swift (in target 'Fathom' from project 'Fathom')

SwiftCompile normal x86_64 /Users/vardaan/Projects/fathom/fathom_ios/Fathom/Presentation/BookDetailHeroViewModel.swift (in target 'Fathom' from project 'Fathom')
    cd /Users/vardaan/Projects/fathom/fathom_ios
    

SwiftCompile normal x86_64 /Users/vardaan/Projects/fathom/fathom_ios/Fathom/Presentation/BookDetailsViewModel.swift (in target 'Fathom' from project 'Fathom')
    cd /Users/vardaan/Projects/fathom/fathom_ios
    

SwiftCompile normal x86_64 /Users/vardaan/Projects/fathom/fathom_ios/Fathom/Presentation/HomeViewModel.swift (in target 'Fathom' from project 'Fathom')
    cd /Users/vardaan/Projects/fathom/fathom_ios
    
/Users/vardaan/Projects/fathom/fathom_ios/Fathom/Presentation/HomeViewModel.swift:12:83: warning: call to main actor-isolated initializer 'init()' in a synchronous nonisolated context
    init(bookRepository: BookRepository, categoryRepository: CategoryRepository = InMemoryCategoryRepository()) {
                                                                                  ^
/Users/vardaan/Projects/fathom/fathom_ios/Fathom/Data/Repositories.swift:13:13: note: calls to initializer 'init()' from outside of its actor context are implicitly asynchronous
final actor InMemoryCategoryRepository: CategoryRepository {
            ^
/Users/vardaan/Projects/fathom/fathom_ios/Fathom/Data/Repositories.swift:13:13: note: main actor isolation inferred from conformance to protocol 'CategoryRepository'
final actor InMemoryCategoryRepository: CategoryRepository {
            ^

SwiftCompile normal x86_64 /Users/vardaan/Projects/fathom/fathom_ios/Fathom/Presentation/LibraryViewModel.swift (in target 'Fathom' from project 'Fathom')
    cd /Users/vardaan/Projects/fathom/fathom_ios
    

SwiftCompile normal x86_64 /Users/vardaan/Projects/fathom/fathom_ios/Fathom/Presentation/ReaderViewModel.swift (in target 'Fathom' from project 'Fathom')
    cd /Users/vardaan/Projects/fathom/fathom_ios
    

SwiftCompile normal x86_64 /Users/vardaan/Projects/fathom/fathom_ios/Fathom/ReaderEngine/EPUBReaderView.swift (in target 'Fathom' from project 'Fathom')
    cd /Users/vardaan/Projects/fathom/fathom_ios
    

SwiftCompile normal x86_64 Compiling\ BookDetailHeroView.swift,\ BookDetailsScreen.swift,\ HomeScreen.swift,\ NewShelfSheet.swift,\ ReaderOverlay.swift /Users/vardaan/Projects/fathom/fathom_ios/Fathom/UI/BookDetailHeroView.swift /Users/vardaan/Projects/fathom/fathom_ios/Fathom/UI/BookDetailsScreen.swift /Users/vardaan/Projects/fathom/fathom_ios/Fathom/UI/HomeScreen.swift /Users/vardaan/Projects/fathom/fathom_ios/Fathom/UI/NewShelfSheet.swift /Users/vardaan/Projects/fathom/fathom_ios/Fathom/UI/ReaderOverlay.swift (in target 'Fathom' from project 'Fathom')

SwiftCompile normal x86_64 /Users/vardaan/Projects/fathom/fathom_ios/Fathom/UI/BookDetailHeroView.swift (in target 'Fathom' from project 'Fathom')
    cd /Users/vardaan/Projects/fathom/fathom_ios
    

SwiftCompile normal x86_64 /Users/vardaan/Projects/fathom/fathom_ios/Fathom/UI/BookDetailsScreen.swift (in target 'Fathom' from project 'Fathom')
    cd /Users/vardaan/Projects/fathom/fathom_ios
    

SwiftCompile normal x86_64 /Users/vardaan/Projects/fathom/fathom_ios/Fathom/UI/HomeScreen.swift (in target 'Fathom' from project 'Fathom')
    cd /Users/vardaan/Projects/fathom/fathom_ios
    
/Users/vardaan/Projects/fathom/fathom_ios/Fathom/UI/HomeScreen.swift:203:9: warning: result of call to 'withAnimation' is unused
        withAnimation(.spring(response: 0.32, dampingFraction: 0.80)) {
        ^            ~~~~~~~~~~~~~~~~~~~~~~~~~~~~~~~~~~~~~~~~~~~~~~~~~~
/Users/vardaan/Projects/fathom/fathom_ios/Fathom/Presentation/HomeViewModel.swift:12:83: warning: call to main actor-isolated initializer 'init()' in a synchronous nonisolated context
    init(bookRepository: BookRepository, categoryRepository: CategoryRepository = InMemoryCategoryRepository()) {
                                                                                  ^
/Users/vardaan/Projects/fathom/fathom_ios/Fathom/Data/Repositories.swift:13:13: note: calls to initializer 'init()' from outside of its actor context are implicitly asynchronous
final actor InMemoryCategoryRepository: CategoryRepository {
            ^
/Users/vardaan/Projects/fathom/fathom_ios/Fathom/Data/Repositories.swift:13:13: note: main actor isolation inferred from conformance to protocol 'CategoryRepository'
final actor InMemoryCategoryRepository: CategoryRepository {
            ^

SwiftCompile normal x86_64 /Users/vardaan/Projects/fathom/fathom_ios/Fathom/UI/NewShelfSheet.swift (in target 'Fathom' from project 'Fathom')
    cd /Users/vardaan/Projects/fathom/fathom_ios
    

SwiftCompile normal x86_64 /Users/vardaan/Projects/fathom/fathom_ios/Fathom/UI/ReaderOverlay.swift (in target 'Fathom' from project 'Fathom')
    cd /Users/vardaan/Projects/fathom/fathom_ios
    

SwiftDriverJobDiscovery normal x86_64 Compiling Toast.swift, BorderBeamEffect.swift, Color+Hex.swift, String+HTML.swift, AppTheme.swift, EnvironmentValues+Theme.swift (in target 'Fathom' from project 'Fathom')

SwiftCompile normal x86_64 Compiling\ AIChatService.swift,\ AIClient.swift,\ AIThreadStore.swift,\ AppLogger.swift /Users/vardaan/Projects/fathom/fathom_ios/Fathom/Data/AIChatService.swift /Users/vardaan/Projects/fathom/fathom_ios/Fathom/Data/AIClient.swift /Users/vardaan/Projects/fathom/fathom_ios/Fathom/Data/AIThreadStore.swift /Users/vardaan/Projects/fathom/fathom_ios/Fathom/Data/AppLogger.swift (in target 'Fathom' from project 'Fathom')

SwiftCompile normal x86_64 /Users/vardaan/Projects/fathom/fathom_ios/Fathom/Data/AIChatService.swift (in target 'Fathom' from project 'Fathom')
    cd /Users/vardaan/Projects/fathom/fathom_ios
    

SwiftCompile normal x86_64 /Users/vardaan/Projects/fathom/fathom_ios/Fathom/Data/AIClient.swift (in target 'Fathom' from project 'Fathom')
    cd /Users/vardaan/Projects/fathom/fathom_ios
    

SwiftCompile normal x86_64 /Users/vardaan/Projects/fathom/fathom_ios/Fathom/Data/AIThreadStore.swift (in target 'Fathom' from project 'Fathom')
    cd /Users/vardaan/Projects/fathom/fathom_ios
    

SwiftCompile normal x86_64 /Users/vardaan/Projects/fathom/fathom_ios/Fathom/Data/AppLogger.swift (in target 'Fathom' from project 'Fathom')
    cd /Users/vardaan/Projects/fathom/fathom_ios
    

SwiftCompile normal x86_64 Compiling\ AuthService.swift,\ BackendService.swift,\ BookFileStore.swift,\ BookRepositorySQLite.swift /Users/vardaan/Projects/fathom/fathom_ios/Fathom/Data/AuthService.swift /Users/vardaan/Projects/fathom/fathom_ios/Fathom/Data/BackendService.swift /Users/vardaan/Projects/fathom/fathom_ios/Fathom/Data/BookFileStore.swift /Users/vardaan/Projects/fathom/fathom_ios/Fathom/Data/BookRepositorySQLite.swift (in target 'Fathom' from project 'Fathom')

SwiftCompile normal x86_64 /Users/vardaan/Projects/fathom/fathom_ios/Fathom/Data/AuthService.swift (in target 'Fathom' from project 'Fathom')
    cd /Users/vardaan/Projects/fathom/fathom_ios
    

SwiftCompile normal x86_64 /Users/vardaan/Projects/fathom/fathom_ios/Fathom/Data/BackendService.swift (in target 'Fathom' from project 'Fathom')
    cd /Users/vardaan/Projects/fathom/fathom_ios
    
/Users/vardaan/Projects/fathom/fathom_ios/Fathom/Data/BackendService.swift:98:50: warning: main actor-isolated conformance of 'APIErrorResponse' to 'Decodable' cannot be used in actor-isolated context; this is an error in the Swift 6 language mode
            if let apiError = try? JSONDecoder().decode(APIErrorResponse.self, from: data) {
                                                 ^
/Users/vardaan/Projects/fathom/fathom_ios/Fathom/Data/BackendService.swift:113:20: warning: main actor-isolated conformance of 'UploadURLResponse' to 'Decodable' cannot be used in actor-isolated context; this is an error in the Swift 6 language mode
        return try handleResponse(data, response)
                   ^
/Users/vardaan/Projects/fathom/fathom_ios/Fathom/Data/BackendService.swift:138:38: warning: main actor-isolated conformance of 'InitBookRequest' to 'Encodable' cannot be used in actor-isolated context; this is an error in the Swift 6 language mode
        let body = try JSONEncoder().encode(reqBody)
                                     ^
/Users/vardaan/Projects/fathom/fathom_ios/Fathom/Data/BackendService.swift:142:20: warning: main actor-isolated conformance of 'InitBookResponse' to 'Decodable' cannot be used in actor-isolated context; this is an error in the Swift 6 language mode
        return try handleResponse(data, response)
                   ^
/Users/vardaan/Projects/fathom/fathom_ios/Fathom/Data/BackendService.swift:159:20: warning: main actor-isolated conformance of 'BookPollResponse' to 'Decodable' cannot be used in actor-isolated context; this is an error in the Swift 6 language mode
        return try handleResponse(data, response)
                   ^
/Users/vardaan/Projects/fathom/fathom_ios/Fathom/Data/BackendService.swift:164:38: warning: main actor-isolated conformance of 'AIQueryRequest' to 'Encodable' cannot be used in actor-isolated context; this is an error in the Swift 6 language mode
        let body = try JSONEncoder().encode(reqBody)
                                     ^
/Users/vardaan/Projects/fathom/fathom_ios/Fathom/Data/BackendService.swift:169:43: warning: main actor-isolated conformance of 'AIQueryResponse' to 'Decodable' cannot be used in actor-isolated context; this is an error in the Swift 6 language mode
        let result: AIQueryResponse = try handleResponse(data, response)
                                          ^

SwiftCompile normal x86_64 /Users/vardaan/Projects/fathom/fathom_ios/Fathom/Data/BookFileStore.swift (in target 'Fathom' from project 'Fathom')
    cd /Users/vardaan/Projects/fathom/fathom_ios
    

SwiftCompile normal x86_64 /Users/vardaan/Projects/fathom/fathom_ios/Fathom/Data/BookRepositorySQLite.swift (in target 'Fathom' from project 'Fathom')
    cd /Users/vardaan/Projects/fathom/fathom_ios
    

SwiftDriverJobDiscovery normal x86_64 Compiling AIChatService.swift, AIClient.swift, AIThreadStore.swift, AppLogger.swift (in target 'Fathom' from project 'Fathom')

SwiftCompile normal arm64 Compiling\ CategoryRepositorySQLite.swift,\ HighlightStore.swift,\ NarrativeContextStore.swift,\ ReaderSettingsStore.swift,\ ReadingStateStore.swift,\ Repositories.swift /Users/vardaan/Projects/fathom/fathom_ios/Fathom/Data/CategoryRepositorySQLite.swift /Users/vardaan/Projects/fathom/fathom_ios/Fathom/Data/HighlightStore.swift /Users/vardaan/Projects/fathom/fathom_ios/Fathom/Data/NarrativeContextStore.swift /Users/vardaan/Projects/fathom/fathom_ios/Fathom/Data/ReaderSettingsStore.swift /Users/vardaan/Projects/fathom/fathom_ios/Fathom/Data/ReadingStateStore.swift /Users/vardaan/Projects/fathom/fathom_ios/Fathom/Data/Repositories.swift (in target 'Fathom' from project 'Fathom')

SwiftCompile normal arm64 /Users/vardaan/Projects/fathom/fathom_ios/Fathom/Data/CategoryRepositorySQLite.swift (in target 'Fathom' from project 'Fathom')
    cd /Users/vardaan/Projects/fathom/fathom_ios
    
/Users/vardaan/Projects/fathom/fathom_ios/Fathom/Data/CategoryRepositorySQLite.swift:81:31: warning: result of call to 'write' is unused
            try await dbQueue.write { db in
                              ^     ~~~~~~~

SwiftCompile normal arm64 /Users/vardaan/Projects/fathom/fathom_ios/Fathom/Data/HighlightStore.swift (in target 'Fathom' from project 'Fathom')
    cd /Users/vardaan/Projects/fathom/fathom_ios
    

SwiftCompile normal arm64 /Users/vardaan/Projects/fathom/fathom_ios/Fathom/Data/NarrativeContextStore.swift (in target 'Fathom' from project 'Fathom')
    cd /Users/vardaan/Projects/fathom/fathom_ios
    
/Users/vardaan/Projects/fathom/fathom_ios/Fathom/Data/NarrativeContextStore.swift:5:72: warning: main actor-isolated static property 'shared' can not be referenced from a nonisolated context
    static let shared = NarrativeContextStore(dbQueue: DatabaseManager.shared.dbQueue)
                                                                       ^
/Users/vardaan/Projects/fathom/fathom_ios/Fathom/Data/Database/DatabaseManager.swift:5:16: note: static property declared here
    static let shared: DatabaseManager = {
               ^

SwiftCompile normal arm64 /Users/vardaan/Projects/fathom/fathom_ios/Fathom/Data/ReaderSettingsStore.swift (in target 'Fathom' from project 'Fathom')
    cd /Users/vardaan/Projects/fathom/fathom_ios
    

SwiftCompile normal arm64 /Users/vardaan/Projects/fathom/fathom_ios/Fathom/Data/ReadingStateStore.swift (in target 'Fathom' from project 'Fathom')
    cd /Users/vardaan/Projects/fathom/fathom_ios
    

SwiftCompile normal arm64 /Users/vardaan/Projects/fathom/fathom_ios/Fathom/Data/Repositories.swift (in target 'Fathom' from project 'Fathom')
    cd /Users/vardaan/Projects/fathom/fathom_ios
    

SwiftDriverJobDiscovery normal x86_64 Compiling HighlightPanelViews.swift, PublicationLoader.swift, ReaderService.swift, ReadiumNavigatorView.swift, ReadiumStack.swift, AuthFlowView.swift (in target 'Fathom' from project 'Fathom')

SwiftCompile normal x86_64 Compiling\ ReaderScreen.swift,\ ReaderSettingsView.swift,\ RootView.swift,\ SettingsView.swift,\ GeneratedAssetSymbols.swift /Users/vardaan/Projects/fathom/fathom_ios/Fathom/UI/ReaderScreen.swift /Users/vardaan/Projects/fathom/fathom_ios/Fathom/UI/ReaderSettingsView.swift /Users/vardaan/Projects/fathom/fathom_ios/Fathom/UI/RootView.swift /Users/vardaan/Projects/fathom/fathom_ios/Fathom/UI/SettingsView.swift /Users/vardaan/Library/Developer/Xcode/DerivedData/Fathom-bkvdeihlrhmctlhldetlbfryqjce/Build/Intermediates.noindex/Fathom.build/Debug-iphonesimulator/Fathom.build/DerivedSources/GeneratedAssetSymbols.swift (in target 'Fathom' from project 'Fathom')

SwiftCompile normal x86_64 /Users/vardaan/Projects/fathom/fathom_ios/Fathom/UI/ReaderScreen.swift (in target 'Fathom' from project 'Fathom')
    cd /Users/vardaan/Projects/fathom/fathom_ios
    

SwiftCompile normal x86_64 /Users/vardaan/Projects/fathom/fathom_ios/Fathom/UI/ReaderSettingsView.swift (in target 'Fathom' from project 'Fathom')
    cd /Users/vardaan/Projects/fathom/fathom_ios
    

SwiftCompile normal x86_64 /Users/vardaan/Projects/fathom/fathom_ios/Fathom/UI/RootView.swift (in target 'Fathom' from project 'Fathom')
    cd /Users/vardaan/Projects/fathom/fathom_ios
    

SwiftCompile normal x86_64 /Users/vardaan/Projects/fathom/fathom_ios/Fathom/UI/SettingsView.swift (in target 'Fathom' from project 'Fathom')
    cd /Users/vardaan/Projects/fathom/fathom_ios
    

SwiftCompile normal x86_64 /Users/vardaan/Library/Developer/Xcode/DerivedData/Fathom-bkvdeihlrhmctlhldetlbfryqjce/Build/Intermediates.noindex/Fathom.build/Debug-iphonesimulator/Fathom.build/DerivedSources/GeneratedAssetSymbols.swift (in target 'Fathom' from project 'Fathom')
    cd /Users/vardaan/Projects/fathom/fathom_ios
    

SwiftDriverJobDiscovery normal x86_64 Compiling AuthService.swift, BackendService.swift, BookFileStore.swift, BookRepositorySQLite.swift (in target 'Fathom' from project 'Fathom')

SwiftCompile normal x86_64 Compiling\ ReadingStateStore.swift,\ Repositories.swift,\ BookCustomization.swift /Users/vardaan/Projects/fathom/fathom_ios/Fathom/Data/ReadingStateStore.swift /Users/vardaan/Projects/fathom/fathom_ios/Fathom/Data/Repositories.swift /Users/vardaan/Projects/fathom/fathom_ios/Fathom/Domain/BookCustomization.swift (in target 'Fathom' from project 'Fathom')

SwiftCompile normal x86_64 /Users/vardaan/Projects/fathom/fathom_ios/Fathom/Data/ReadingStateStore.swift (in target 'Fathom' from project 'Fathom')
    cd /Users/vardaan/Projects/fathom/fathom_ios
    

SwiftCompile normal x86_64 /Users/vardaan/Projects/fathom/fathom_ios/Fathom/Data/Repositories.swift (in target 'Fathom' from project 'Fathom')
    cd /Users/vardaan/Projects/fathom/fathom_ios
    

SwiftCompile normal x86_64 /Users/vardaan/Projects/fathom/fathom_ios/Fathom/Domain/BookCustomization.swift (in target 'Fathom' from project 'Fathom')
    cd /Users/vardaan/Projects/fathom/fathom_ios
    

SwiftDriverJobDiscovery normal arm64 Compiling ReaderScreen.swift, ReaderSettingsView.swift, RootView.swift, SettingsView.swift, GeneratedAssetSymbols.swift (in target 'Fathom' from project 'Fathom')

SwiftCompile normal arm64 Compiling\ BookDetailsViewModel.swift /Users/vardaan/Projects/fathom/fathom_ios/Fathom/Presentation/BookDetailsViewModel.swift (in target 'Fathom' from project 'Fathom')

SwiftCompile normal arm64 /Users/vardaan/Projects/fathom/fathom_ios/Fathom/Presentation/BookDetailsViewModel.swift (in target 'Fathom' from project 'Fathom')
    cd /Users/vardaan/Projects/fathom/fathom_ios
    

SwiftDriverJobDiscovery normal x86_64 Compiling BookDetailHeroViewModel.swift, BookDetailsViewModel.swift, HomeViewModel.swift, LibraryViewModel.swift, ReaderViewModel.swift, EPUBReaderView.swift (in target 'Fathom' from project 'Fathom')

SwiftCompile normal arm64 Compiling\ EPUBMetadataExtractor.swift /Users/vardaan/Projects/fathom/fathom_ios/Fathom/ContextEngine/EPUBMetadataExtractor.swift (in target 'Fathom' from project 'Fathom')

SwiftCompile normal arm64 /Users/vardaan/Projects/fathom/fathom_ios/Fathom/ContextEngine/EPUBMetadataExtractor.swift (in target 'Fathom' from project 'Fathom')
    cd /Users/vardaan/Projects/fathom/fathom_ios
    

SwiftDriverJobDiscovery normal arm64 Compiling CategoryRepositorySQLite.swift, HighlightStore.swift, NarrativeContextStore.swift, ReaderSettingsStore.swift, ReadingStateStore.swift, Repositories.swift (in target 'Fathom' from project 'Fathom')

SwiftCompile normal arm64 Compiling\ AIClient.swift /Users/vardaan/Projects/fathom/fathom_ios/Fathom/Data/AIClient.swift (in target 'Fathom' from project 'Fathom')

SwiftCompile normal arm64 /Users/vardaan/Projects/fathom/fathom_ios/Fathom/Data/AIClient.swift (in target 'Fathom' from project 'Fathom')
    cd /Users/vardaan/Projects/fathom/fathom_ios
    

SwiftDriverJobDiscovery normal x86_64 Compiling EmailEntryView.swift, MagicLinkSentView.swift, BookCategorySection.swift, BookCoverView.swift, CustomTabBar.swift, ImageGradient.swift (in target 'Fathom' from project 'Fathom')

SwiftCompile normal arm64 Compiling\ AuthFlowView.swift,\ EmailEntryView.swift,\ MagicLinkSentView.swift,\ BookCategorySection.swift,\ BookCoverView.swift,\ CustomTabBar.swift /Users/vardaan/Projects/fathom/fathom_ios/Fathom/UI/Auth/AuthFlowView.swift /Users/vardaan/Projects/fathom/fathom_ios/Fathom/UI/Auth/EmailEntryView.swift /Users/vardaan/Projects/fathom/fathom_ios/Fathom/UI/Auth/MagicLinkSentView.swift /Users/vardaan/Projects/fathom/fathom_ios/Fathom/UI/Components/BookCategorySection.swift /Users/vardaan/Projects/fathom/fathom_ios/Fathom/UI/Components/BookCoverView.swift /Users/vardaan/Projects/fathom/fathom_ios/Fathom/UI/Components/CustomTabBar.swift (in target 'Fathom' from project 'Fathom')

SwiftCompile normal arm64 /Users/vardaan/Projects/fathom/fathom_ios/Fathom/UI/Auth/AuthFlowView.swift (in target 'Fathom' from project 'Fathom')
    cd /Users/vardaan/Projects/fathom/fathom_ios
    

SwiftCompile normal arm64 /Users/vardaan/Projects/fathom/fathom_ios/Fathom/UI/Auth/EmailEntryView.swift (in target 'Fathom' from project 'Fathom')
    cd /Users/vardaan/Projects/fathom/fathom_ios
    

SwiftCompile normal arm64 /Users/vardaan/Projects/fathom/fathom_ios/Fathom/UI/Auth/MagicLinkSentView.swift (in target 'Fathom' from project 'Fathom')
    cd /Users/vardaan/Projects/fathom/fathom_ios
    
/Users/vardaan/Projects/fathom/fathom_ios/Fathom/UI/Auth/MagicLinkSentView.swift:65:51: warning: '+' was deprecated in iOS 26.0: Use string interpolation on `Text` instead: `Text("Hello \(name)")`
                Text("We sent a magic link to\n") +
                                                  ^

SwiftCompile normal arm64 /Users/vardaan/Projects/fathom/fathom_ios/Fathom/UI/Components/BookCategorySection.swift (in target 'Fathom' from project 'Fathom')
    cd /Users/vardaan/Projects/fathom/fathom_ios
    

SwiftCompile normal arm64 /Users/vardaan/Projects/fathom/fathom_ios/Fathom/UI/Components/BookCoverView.swift (in target 'Fathom' from project 'Fathom')
    cd /Users/vardaan/Projects/fathom/fathom_ios
    

SwiftCompile normal arm64 /Users/vardaan/Projects/fathom/fathom_ios/Fathom/UI/Components/CustomTabBar.swift (in target 'Fathom' from project 'Fathom')
    cd /Users/vardaan/Projects/fathom/fathom_ios
    

SwiftDriverJobDiscovery normal arm64 Compiling EPUBMetadataExtractor.swift (in target 'Fathom' from project 'Fathom')

SwiftCompile normal arm64 Compiling\ TextAnimators.swift,\ Toast.swift,\ BorderBeamEffect.swift,\ Color+Hex.swift,\ String+HTML.swift,\ AppTheme.swift /Users/vardaan/Projects/fathom/fathom_ios/Fathom/UI/Components/TextAnimators.swift /Users/vardaan/Projects/fathom/fathom_ios/Fathom/UI/Components/Toast.swift /Users/vardaan/Projects/fathom/fathom_ios/Fathom/UI/Extensions/BorderBeamEffect.swift /Users/vardaan/Projects/fathom/fathom_ios/Fathom/UI/Extensions/Color+Hex.swift /Users/vardaan/Projects/fathom/fathom_ios/Fathom/UI/Extensions/String+HTML.swift /Users/vardaan/Projects/fathom/fathom_ios/Fathom/UI/Theme/AppTheme.swift (in target 'Fathom' from project 'Fathom')

SwiftCompile normal arm64 /Users/vardaan/Projects/fathom/fathom_ios/Fathom/UI/Components/TextAnimators.swift (in target 'Fathom' from project 'Fathom')
    cd /Users/vardaan/Projects/fathom/fathom_ios
    

SwiftCompile normal arm64 /Users/vardaan/Projects/fathom/fathom_ios/Fathom/UI/Components/Toast.swift (in target 'Fathom' from project 'Fathom')
    cd /Users/vardaan/Projects/fathom/fathom_ios
    

SwiftCompile normal arm64 /Users/vardaan/Projects/fathom/fathom_ios/Fathom/UI/Extensions/BorderBeamEffect.swift (in target 'Fathom' from project 'Fathom')
    cd /Users/vardaan/Projects/fathom/fathom_ios
    

SwiftCompile normal arm64 /Users/vardaan/Projects/fathom/fathom_ios/Fathom/UI/Extensions/Color+Hex.swift (in target 'Fathom' from project 'Fathom')
    cd /Users/vardaan/Projects/fathom/fathom_ios
    

SwiftCompile normal arm64 /Users/vardaan/Projects/fathom/fathom_ios/Fathom/UI/Extensions/String+HTML.swift (in target 'Fathom' from project 'Fathom')
    cd /Users/vardaan/Projects/fathom/fathom_ios
    

SwiftCompile normal arm64 /Users/vardaan/Projects/fathom/fathom_ios/Fathom/UI/Theme/AppTheme.swift (in target 'Fathom' from project 'Fathom')
    cd /Users/vardaan/Projects/fathom/fathom_ios
    

SwiftDriverJobDiscovery normal x86_64 Compiling ReadingStateStore.swift, Repositories.swift, BookCustomization.swift (in target 'Fathom' from project 'Fathom')

SwiftCompile normal arm64 Compiling\ BookDetailHeroViewModel.swift /Users/vardaan/Projects/fathom/fathom_ios/Fathom/Presentation/BookDetailHeroViewModel.swift (in target 'Fathom' from project 'Fathom')

SwiftCompile normal arm64 /Users/vardaan/Projects/fathom/fathom_ios/Fathom/Presentation/BookDetailHeroViewModel.swift (in target 'Fathom' from project 'Fathom')
    cd /Users/vardaan/Projects/fathom/fathom_ios
    

SwiftDriverJobDiscovery normal arm64 Compiling BookDetailsViewModel.swift (in target 'Fathom' from project 'Fathom')

SwiftCompile normal arm64 Compiling\ BookCustomization.swift,\ HomeModels.swift,\ Models.swift,\ NarrativeModels.swift,\ ReadiumNavigatorView.swift,\ ReadiumStack.swift /Users/vardaan/Projects/fathom/fathom_ios/Fathom/Domain/BookCustomization.swift /Users/vardaan/Projects/fathom/fathom_ios/Fathom/Domain/HomeModels.swift /Users/vardaan/Projects/fathom/fathom_ios/Fathom/Domain/Models.swift /Users/vardaan/Projects/fathom/fathom_ios/Fathom/Domain/NarrativeModels.swift /Users/vardaan/Projects/fathom/fathom_ios/Fathom/ReaderEngine/ReadiumNavigatorView.swift /Users/vardaan/Projects/fathom/fathom_ios/Fathom/ReaderEngine/ReadiumStack.swift (in target 'Fathom' from project 'Fathom')

SwiftCompile normal arm64 /Users/vardaan/Projects/fathom/fathom_ios/Fathom/Domain/BookCustomization.swift (in target 'Fathom' from project 'Fathom')
    cd /Users/vardaan/Projects/fathom/fathom_ios
    

SwiftCompile normal arm64 /Users/vardaan/Projects/fathom/fathom_ios/Fathom/Domain/HomeModels.swift (in target 'Fathom' from project 'Fathom')
    cd /Users/vardaan/Projects/fathom/fathom_ios
    

SwiftCompile normal arm64 /Users/vardaan/Projects/fathom/fathom_ios/Fathom/Domain/Models.swift (in target 'Fathom' from project 'Fathom')
    cd /Users/vardaan/Projects/fathom/fathom_ios
    

SwiftCompile normal arm64 /Users/vardaan/Projects/fathom/fathom_ios/Fathom/Domain/NarrativeModels.swift (in target 'Fathom' from project 'Fathom')
    cd /Users/vardaan/Projects/fathom/fathom_ios
    

SwiftCompile normal arm64 /Users/vardaan/Projects/fathom/fathom_ios/Fathom/ReaderEngine/ReadiumNavigatorView.swift (in target 'Fathom' from project 'Fathom')
    cd /Users/vardaan/Projects/fathom/fathom_ios
    
/Users/vardaan/Projects/fathom/fathom_ios/Fathom/ReaderEngine/ReadiumNavigatorView.swift:482:17: warning: no 'async' operations occur within 'await' expression
                await navigator.submitPreferences(preferences)
                ^

SwiftCompile normal arm64 /Users/vardaan/Projects/fathom/fathom_ios/Fathom/ReaderEngine/ReadiumStack.swift (in target 'Fathom' from project 'Fathom')
    cd /Users/vardaan/Projects/fathom/fathom_ios
    

SwiftDriverJobDiscovery normal arm64 Compiling AIClient.swift (in target 'Fathom' from project 'Fathom')

SwiftCompile normal arm64 Compiling\ ContextEngine.swift /Users/vardaan/Projects/fathom/fathom_ios/Fathom/ContextEngine/ContextEngine.swift (in target 'Fathom' from project 'Fathom')

SwiftCompile normal arm64 /Users/vardaan/Projects/fathom/fathom_ios/Fathom/ContextEngine/ContextEngine.swift (in target 'Fathom' from project 'Fathom')
    cd /Users/vardaan/Projects/fathom/fathom_ios
    

SwiftDriverJobDiscovery normal arm64 Compiling BookDetailHeroView.swift, BookDetailsScreen.swift, HomeScreen.swift, NewShelfSheet.swift, ReaderOverlay.swift (in target 'Fathom' from project 'Fathom')

SwiftCompile normal arm64 Compiling\ EntitySanitizer.swift /Users/vardaan/Projects/fathom/fathom_ios/Fathom/ContextEngine/EntitySanitizer.swift (in target 'Fathom' from project 'Fathom')

SwiftCompile normal arm64 /Users/vardaan/Projects/fathom/fathom_ios/Fathom/ContextEngine/EntitySanitizer.swift (in target 'Fathom' from project 'Fathom')
    cd /Users/vardaan/Projects/fathom/fathom_ios
    

SwiftDriverJobDiscovery normal arm64 Compiling ContextEngine.swift (in target 'Fathom' from project 'Fathom')

SwiftCompile normal arm64 Compiling\ AIThreadStore.swift /Users/vardaan/Projects/fathom/fathom_ios/Fathom/Data/AIThreadStore.swift (in target 'Fathom' from project 'Fathom')

SwiftCompile normal arm64 /Users/vardaan/Projects/fathom/fathom_ios/Fathom/Data/AIThreadStore.swift (in target 'Fathom' from project 'Fathom')
    cd /Users/vardaan/Projects/fathom/fathom_ios
    

SwiftDriverJobDiscovery normal arm64 Compiling BookDetailHeroViewModel.swift (in target 'Fathom' from project 'Fathom')

SwiftCompile normal arm64 Compiling\ BookPreprocessingCoordinator.swift /Users/vardaan/Projects/fathom/fathom_ios/Fathom/ContextEngine/BookPreprocessingCoordinator.swift (in target 'Fathom' from project 'Fathom')

SwiftCompile normal arm64 /Users/vardaan/Projects/fathom/fathom_ios/Fathom/ContextEngine/BookPreprocessingCoordinator.swift (in target 'Fathom' from project 'Fathom')
    cd /Users/vardaan/Projects/fathom/fathom_ios
    

SwiftDriverJobDiscovery normal arm64 Compiling EntitySanitizer.swift (in target 'Fathom' from project 'Fathom')

SwiftCompile normal x86_64 Compiling\ EventSanitizer.swift,\ ParagraphIndexer.swift,\ PreprocessingLLMClient.swift,\ DatabaseManager.swift /Users/vardaan/Projects/fathom/fathom_ios/Fathom/ContextEngine/EventSanitizer.swift /Users/vardaan/Projects/fathom/fathom_ios/Fathom/ContextEngine/ParagraphIndexer.swift /Users/vardaan/Projects/fathom/fathom_ios/Fathom/ContextEngine/PreprocessingLLMClient.swift /Users/vardaan/Projects/fathom/fathom_ios/Fathom/Data/Database/DatabaseManager.swift (in target 'Fathom' from project 'Fathom')

SwiftCompile normal x86_64 /Users/vardaan/Projects/fathom/fathom_ios/Fathom/ContextEngine/EventSanitizer.swift (in target 'Fathom' from project 'Fathom')
    cd /Users/vardaan/Projects/fathom/fathom_ios
    

SwiftCompile normal x86_64 /Users/vardaan/Projects/fathom/fathom_ios/Fathom/ContextEngine/ParagraphIndexer.swift (in target 'Fathom' from project 'Fathom')
    cd /Users/vardaan/Projects/fathom/fathom_ios
    

SwiftCompile normal x86_64 /Users/vardaan/Projects/fathom/fathom_ios/Fathom/ContextEngine/PreprocessingLLMClient.swift (in target 'Fathom' from project 'Fathom')
    cd /Users/vardaan/Projects/fathom/fathom_ios
    

SwiftCompile normal x86_64 /Users/vardaan/Projects/fathom/fathom_ios/Fathom/Data/Database/DatabaseManager.swift (in target 'Fathom' from project 'Fathom')
    cd /Users/vardaan/Projects/fathom/fathom_ios
    

SwiftDriverJobDiscovery normal arm64 Compiling AIThreadStore.swift (in target 'Fathom' from project 'Fathom')

SwiftCompile normal arm64 Compiling\ HomeViewModel.swift /Users/vardaan/Projects/fathom/fathom_ios/Fathom/Presentation/HomeViewModel.swift (in target 'Fathom' from project 'Fathom')

SwiftCompile normal arm64 /Users/vardaan/Projects/fathom/fathom_ios/Fathom/Presentation/HomeViewModel.swift (in target 'Fathom' from project 'Fathom')
    cd /Users/vardaan/Projects/fathom/fathom_ios
    
/Users/vardaan/Projects/fathom/fathom_ios/Fathom/Presentation/HomeViewModel.swift:12:83: warning: call to main actor-isolated initializer 'init()' in a synchronous nonisolated context
    init(bookRepository: BookRepository, categoryRepository: CategoryRepository = InMemoryCategoryRepository()) {
                                                                                  ^
/Users/vardaan/Projects/fathom/fathom_ios/Fathom/Data/Repositories.swift:13:13: note: calls to initializer 'init()' from outside of its actor context are implicitly asynchronous
final actor InMemoryCategoryRepository: CategoryRepository {
            ^
/Users/vardaan/Projects/fathom/fathom_ios/Fathom/Data/Repositories.swift:13:13: note: main actor isolation inferred from conformance to protocol 'CategoryRepository'
final actor InMemoryCategoryRepository: CategoryRepository {
            ^

SwiftDriverJobDiscovery normal arm64 Compiling BookPreprocessingCoordinator.swift (in target 'Fathom' from project 'Fathom')

SwiftCompile normal x86_64 Compiling\ HomeModels.swift,\ Models.swift,\ NarrativeModels.swift /Users/vardaan/Projects/fathom/fathom_ios/Fathom/Domain/HomeModels.swift /Users/vardaan/Projects/fathom/fathom_ios/Fathom/Domain/Models.swift /Users/vardaan/Projects/fathom/fathom_ios/Fathom/Domain/NarrativeModels.swift (in target 'Fathom' from project 'Fathom')
SwiftCompile normal x86_64 /Users/vardaan/Projects/fathom/fathom_ios/Fathom/Domain/HomeModels.swift (in target 'Fathom' from project 'Fathom')
    cd /Users/vardaan/Projects/fathom/fathom_ios
    

SwiftCompile normal x86_64 /Users/vardaan/Projects/fathom/fathom_ios/Fathom/Domain/Models.swift (in target 'Fathom' from project 'Fathom')
    cd /Users/vardaan/Projects/fathom/fathom_ios
    

SwiftCompile normal x86_64 /Users/vardaan/Projects/fathom/fathom_ios/Fathom/Domain/NarrativeModels.swift (in target 'Fathom' from project 'Fathom')
    cd /Users/vardaan/Projects/fathom/fathom_ios
    

SwiftDriverJobDiscovery normal x86_64 Compiling EventSanitizer.swift, ParagraphIndexer.swift, PreprocessingLLMClient.swift, DatabaseManager.swift (in target 'Fathom' from project 'Fathom')

SwiftCompile normal arm64 Compiling\ ImageGradient.swift,\ ReaderActionButton.swift,\ ReaderActionMenu.swift,\ ScrollHeroContentView.swift,\ ScrollHeroEffect.swift,\ TableOfContentsSheet.swift /Users/vardaan/Projects/fathom/fathom_ios/Fathom/UI/Components/ImageGradient.swift /Users/vardaan/Projects/fathom/fathom_ios/Fathom/UI/Components/ReaderActionButton.swift /Users/vardaan/Projects/fathom/fathom_ios/Fathom/UI/Components/ReaderActionMenu.swift /Users/vardaan/Projects/fathom/fathom_ios/Fathom/UI/Components/ScrollHeroContentView.swift /Users/vardaan/Projects/fathom/fathom_ios/Fathom/UI/Components/ScrollHeroEffect.swift /Users/vardaan/Projects/fathom/fathom_ios/Fathom/UI/Components/TableOfContentsSheet.swift (in target 'Fathom' from project 'Fathom')
Failed frontend command:
/Applications/Xcode.app/Contents/Developer/Toolchains/XcodeDefault.xctoolchain/usr/bin/swift-frontend -frontend -c /Users/vardaan/Projects/fathom/fathom_ios/Fathom/App/AppContainer.swift /Users/vardaan/Projects/fathom/fathom_ios/Fathom/App/FathomApp.swift /Users/vardaan/Projects/fathom/fathom_ios/Fathom/ContextEngine/BookPreprocessingCoordinator.swift /Users/vardaan/Projects/fathom/fathom_ios/Fathom/ContextEngine/ChunkBuilder.swift /Users/vardaan/Projects/fathom/fathom_ios/Fathom/ContextEngine/ContextEngine.swift /Users/vardaan/Projects/fathom/fathom_ios/Fathom/ContextEngine/EntityReconciler.swift /Users/vardaan/Projects/fathom/fathom_ios/Fathom/ContextEngine/EntitySanitizer.swift /Users/vardaan/Projects/fathom/fathom_ios/Fathom/ContextEngine/EPUBMetadataExtractor.swift /Users/vardaan/Projects/fathom/fathom_ios/Fathom/ContextEngine/EventSanitizer.swift /Users/vardaan/Projects/fathom/fathom_ios/Fathom/ContextEngine/ParagraphIndexer.swift /Users/vardaan/Projects/fathom/fathom_ios/Fathom/ContextEngine/PreprocessingLLMClient.swift /Users/vardaan/Projects/fathom/fathom_ios/Fathom/Data/Database/DatabaseManager.swift /Users/vardaan/Projects/fathom/fathom_ios/Fathom/Data/AIChatService.swift /Users/vardaan/Projects/fathom/fathom_ios/Fathom/Data/AIClient.swift /Users/vardaan/Projects/fathom/fathom_ios/Fathom/Data/AIThreadStore.swift /Users/vardaan/Projects/fathom/fathom_ios/Fathom/Data/AppLogger.swift /Users/vardaan/Projects/fathom/fathom_ios/Fathom/Data/AuthService.swift /Users/vardaan/Projects/fathom/fathom_ios/Fathom/Data/BackendService.swift /Users/vardaan/Projects/fathom/fathom_ios/Fathom/Data/BookFileStore.swift /Users/vardaan/Projects/fathom/fathom_ios/Fathom/Data/BookRepositorySQLite.swift /Users/vardaan/Projects/fathom/fathom_ios/Fathom/Data/CategoryRepositorySQLite.swift /Users/vardaan/Projects/fathom/fathom_ios/Fathom/Data/HighlightStore.swift /Users/vardaan/Projects/fathom/fathom_ios/Fathom/Data/NarrativeContextStore.swift /Users/vardaan/Projects/fathom/fathom_ios/Fathom/Data/ReaderSettingsStore.swift /Users/vardaan/Projects/fathom/fathom_ios/Fathom/Data/ReadingStateStore.swift /Users/vardaan/Projects/fathom/fathom_ios/Fathom/Data/Repositories.swift /Users/vardaan/Projects/fathom/fathom_ios/Fathom/Domain/BookCustomization.swift /Users/vardaan/Projects/fathom/fathom_ios/Fathom/Domain/HomeModels.swift /Users/vardaan/Projects/fathom/fathom_ios/Fathom/Domain/Models.swift /Users/vardaan/Projects/fathom/fathom_ios/Fathom/Domain/NarrativeModels.swift /Users/vardaan/Projects/fathom/fathom_ios/Fathom/Presentation/BookDetailHeroViewModel.swift /Users/vardaan/Projects/fathom/fathom_ios/Fathom/Presentation/BookDetailsViewModel.swift /Users/vardaan/Projects/fathom/fathom_ios/Fathom/Presentation/HomeViewModel.swift /Users/vardaan/Projects/fathom/fathom_ios/Fathom/Presentation/LibraryViewModel.swift /Users/vardaan/Projects/fathom/fathom_ios/Fathom/Presentation/ReaderViewModel.swift /Users/vardaan/Projects/fathom/fathom_ios/Fathom/ReaderEngine/EPUBReaderView.swift /Users/vardaan/Projects/fathom/fathom_ios/Fathom/ReaderEngine/HighlightPanelViews.swift /Users/vardaan/Projects/fathom/fathom_ios/Fathom/ReaderEngine/PublicationLoader.swift /Users/vardaan/Projects/fathom/fathom_ios/Fathom/ReaderEngine/ReaderService.swift /Users/vardaan/Projects/fathom/fathom_ios/Fathom/ReaderEngine/ReadiumNavigatorView.swift /Users/vardaan/Projects/fathom/fathom_ios/Fathom/ReaderEngine/ReadiumStack.swift /Users/vardaan/Projects/fathom/fathom_ios/Fathom/UI/Auth/AuthFlowView.swift /Users/vardaan/Projects/fathom/fathom_ios/Fathom/UI/Auth/EmailEntryView.swift /Users/vardaan/Projects/fathom/fathom_ios/Fathom/UI/Auth/MagicLinkSentView.swift /Users/vardaan/Projects/fathom/fathom_ios/Fathom/UI/Components/BookCategorySection.swift /Users/vardaan/Projects/fathom/fathom_ios/Fathom/UI/Components/BookCoverView.swift /Users/vardaan/Projects/fathom/fathom_ios/Fathom/UI/Components/CustomTabBar.swift -primary-file /Users/vardaan/Projects/fathom/fathom_ios/Fathom/UI/Components/ImageGradient.swift -primary-file /Users/vardaan/Projects/fathom/fathom_ios/Fathom/UI/Components/ReaderActionButton.swift -primary-file /Users/vardaan/Projects/fathom/fathom_ios/Fathom/UI/Components/ReaderActionMenu.swift -primary-file /Users/vardaan/Projects/fathom/fathom_ios/Fathom/UI/Components/ScrollHeroContentView.swift -primary-file /Users/vardaan/Projects/fathom/fathom_ios/Fathom/UI/Components/ScrollHeroEffect.swift -primary-file /Users/vardaan/Projects/fathom/fathom_ios/Fathom/UI/Components/TableOfContentsSheet.swift /Users/vardaan/Projects/fathom/fathom_ios/Fathom/UI/Components/TextAnimators.swift /Users/vardaan/Projects/fathom/fathom_ios/Fathom/UI/Components/Toast.swift /Users/vardaan/Projects/fathom/fathom_ios/Fathom/UI/Extensions/BorderBeamEffect.swift /Users/vardaan/Projects/fathom/fathom_ios/Fathom/UI/Extensions/Color+Hex.swift /Users/vardaan/Projects/fathom/fathom_ios/Fathom/UI/Extensions/String+HTML.swift /Users/vardaan/Projects/fathom/fathom_ios/Fathom/UI/Theme/AppTheme.swift /Users/vardaan/Projects/fathom/fathom_ios/Fathom/UI/Theme/EnvironmentValues+Theme.swift /Users/vardaan/Projects/fathom/fathom_ios/Fathom/UI/Theme/ThemeManager.swift /Users/vardaan/Projects/fathom/fathom_ios/Fathom/UI/Theme/View+Theme.swift /Users/vardaan/Projects/fathom/fathom_ios/Fathom/UI/AIChatsListScreen.swift /Users/vardaan/Projects/fathom/fathom_ios/Fathom/UI/AICompanionScreen.swift /Users/vardaan/Projects/fathom/fathom_ios/Fathom/UI/BookCustomizationSheet.swift /Users/vardaan/Projects/fathom/fathom_ios/Fathom/UI/BookDetailHeroView.swift /Users/vardaan/Projects/fathom/fathom_ios/Fathom/UI/BookDetailsScreen.swift /Users/vardaan/Projects/fathom/fathom_ios/Fathom/UI/HomeScreen.swift /Users/vardaan/Projects/fathom/fathom_ios/Fathom/UI/NewShelfSheet.swift /Users/vardaan/Projects/fathom/fathom_ios/Fathom/UI/ReaderOverlay.swift /Users/vardaan/Projects/fathom/fathom_ios/Fathom/UI/ReaderScreen.swift /Users/vardaan/Projects/fathom/fathom_ios/Fathom/UI/ReaderSettingsView.swift /Users/vardaan/Projects/fathom/fathom_ios/Fathom/UI/RootView.swift /Users/vardaan/Projects/fathom/fathom_ios/Fathom/UI/SettingsView.swift /Users/vardaan/Library/Developer/Xcode/DerivedData/Fathom-bkvdeihlrhmctlhldetlbfryqjce/Build/Intermediates.noindex/Fathom.build/Debug-iphonesimulator/Fathom.build/DerivedSources/GeneratedAssetSymbols.swift -supplementary-output-file-map /Users/vardaan/Library/Developer/Xcode/DerivedData/Fathom-bkvdeihlrhmctlhldetlbfryqjce/Build/Intermediates.noindex/Fathom.build/Debug-iphonesimulator/Fathom.build/Objects-normal/arm64/supplementaryOutputs-13 -emit-localized-strings -emit-localized-strings-path /Users/vardaan/Library/Developer/Xcode/DerivedData/Fathom-bkvdeihlrhmctlhldetlbfryqjce/Build/Intermediates.noindex/Fathom.build/Debug-iphonesimulator/Fathom.build/Objects-normal/arm64 -target arm64-apple-ios26.2-simulator -module-can-import-version DeveloperToolsSupport 23.0.4 23.0.4 -module-can-import-version SwiftUI 7.2.5.1 7.2.5 -module-can-import-version UIKit 9126.2.4.1 9126.2.4 -disable-cross-import-overlay-search -swift-module-cross-import PhotosUI /Applications/Xcode.app/Contents/Developer/Platforms/iPhoneSimulator.platform/Developer/SDKs/iPhoneSimulator.sdk/System/Library/Frameworks/PhotosUI.framework/Modules/PhotosUI.swiftcrossimport/SwiftUI.swiftoverlay -swift-module-cross-import PhotosUI /Applications/Xcode.app/Contents/Developer/Platforms/iPhoneSimulator.platform/Developer/SDKs/iPhoneSimulator.sdk/System/Library/Frameworks/PhotosUI.framework/Modules/PhotosUI.swiftcrossimport/WidgetKit.swiftoverlay -swift-module-cross-import PhotosUI /Applications/Xcode.app/Contents/Developer/Platforms/iPhoneSimulator.platform/Developer/SDKs/iPhoneSimulator26.2.sdk/System/Library/Frameworks/PhotosUI.framework/Modules/PhotosUI.swiftcrossimport/SwiftUI.swiftoverlay -swift-module-cross-import PhotosUI /Applications/Xcode.app/Contents/Developer/Platforms/iPhoneSimulator.platform/Developer/SDKs/iPhoneSimulator26.2.sdk/System/Library/Frameworks/PhotosUI.framework/Modules/PhotosUI.swiftcrossimport/WidgetKit.swiftoverlay -load-resolved-plugin /Applications/Xcode.app/Contents/Developer/Platforms/iPhoneOS.platform/Developer/usr/lib/swift/host/plugins/libFoundationMacros.dylib\#/Applications/Xcode.app/Contents/Developer/Platforms/iPhoneOS.platform/Developer/usr/bin/swift-plugin-server\#FoundationMacros -load-resolved-plugin /Applications/Xcode.app/Contents/Developer/Platforms/iPhoneOS.platform/Developer/usr/lib/swift/host/plugins/libObservationMacros.dylib\#/Applications/Xcode.app/Contents/Developer/Platforms/iPhoneOS.platform/Developer/usr/bin/swift-plugin-server\#ObservationMacros -load-resolved-plugin /Applications/Xcode.app/Contents/Developer/Platforms/iPhoneOS.platform/Developer/usr/lib/swift/host/plugins/libPreviewsMacros.dylib\#/Applications/Xcode.app/Contents/Developer/Platforms/iPhoneOS.platform/Developer/usr/bin/swift-plugin-server\#PreviewsMacros -load-resolved-plugin /Applications/Xcode.app/Contents/Developer/Platforms/iPhoneOS.platform/Developer/usr/lib/swift/host/plugins/libSwiftMacros.dylib\#/Applications/Xcode.app/Contents/Developer/Platforms/iPhoneOS.platform/Developer/usr/bin/swift-plugin-server\#SwiftMacros -load-resolved-plugin /Applications/Xcode.app/Contents/Developer/Platforms/iPhoneOS.platform/Developer/usr/lib/swift/host/plugins/libSwiftUIMacros.dylib\#/Applications/Xcode.app/Contents/Developer/Platforms/iPhoneOS.platform/Developer/usr/bin/swift-plugin-server\#SwiftUIMacros -disable-implicit-swift-modules -Xcc -fno-implicit-modules -Xcc -fno-implicit-module-maps -explicit-swift-module-map-file /Users/vardaan/Library/Developer/Xcode/DerivedData/Fathom-bkvdeihlrhmctlhldetlbfryqjce/Build/Intermediates.noindex/Fathom.build/Debug-iphonesimulator/Fathom.build/Objects-normal/arm64/Fathom-dependencies-2.json -Xllvm -aarch64-use-tbi -enable-objc-interop -sdk /Applications/Xcode.app/Contents/Developer/Platforms/iPhoneSimulator.platform/Developer/SDKs/iPhoneSimulator26.2.sdk -I /Users/vardaan/Library/Developer/Xcode/DerivedData/Fathom-bkvdeihlrhmctlhldetlbfryqjce/Build/Products/Debug-iphonesimulator -F /Users/vardaan/Library/Developer/Xcode/DerivedData/Fathom-bkvdeihlrhmctlhldetlbfryqjce/Build/Products/Debug-iphonesimulator/PackageFrameworks -F /Users/vardaan/Library/Developer/Xcode/DerivedData/Fathom-bkvdeihlrhmctlhldetlbfryqjce/Build/Products/Debug-iphonesimulator/PackageFrameworks -F /Users/vardaan/Library/Developer/Xcode/DerivedData/Fathom-bkvdeihlrhmctlhldetlbfryqjce/Build/Products/Debug-iphonesimulator/PackageFrameworks -F /Users/vardaan/Library/Developer/Xcode/DerivedData/Fathom-bkvdeihlrhmctlhldetlbfryqjce/Build/Products/Debug-iphonesimulator/PackageFrameworks -F /Users/vardaan/Library/Developer/Xcode/DerivedData/Fathom-bkvdeihlrhmctlhldetlbfryqjce/Build/Products/Debug-iphonesimulator/PackageFrameworks -F /Users/vardaan/Library/Developer/Xcode/DerivedData/Fathom-bkvdeihlrhmctlhldetlbfryqjce/Build/Products/Debug-iphonesimulator/PackageFrameworks -F /Users/vardaan/Library/Developer/Xcode/DerivedData/Fathom-bkvdeihlrhmctlhldetlbfryqjce/Build/Products/Debug-iphonesimulator/PackageFrameworks -F /Users/vardaan/Library/Developer/Xcode/DerivedData/Fathom-bkvdeihlrhmctlhldetlbfryqjce/Build/Products/Debug-iphonesimulator/PackageFrameworks -F /Users/vardaan/Library/Developer/Xcode/DerivedData/Fathom-bkvdeihlrhmctlhldetlbfryqjce/Build/Products/Debug-iphonesimulator/PackageFrameworks -F /Users/vardaan/Library/Developer/Xcode/DerivedData/Fathom-bkvdeihlrhmctlhldetlbfryqjce/Build/Products/Debug-iphonesimulator/PackageFrameworks -F /Users/vardaan/Library/Developer/Xcode/DerivedData/Fathom-bkvdeihlrhmctlhldetlbfryqjce/Build/Products/Debug-iphonesimulator/PackageFrameworks -F /Users/vardaan/Library/Developer/Xcode/DerivedData/Fathom-bkvdeihlrhmctlhldetlbfryqjce/Build/Products/Debug-iphonesimulator/PackageFrameworks -F /Users/vardaan/Library/Developer/Xcode/DerivedData/Fathom-bkvdeihlrhmctlhldetlbfryqjce/Build/Products/Debug-iphonesimulator/PackageFrameworks -F /Users/vardaan/Library/Developer/Xcode/DerivedData/Fathom-bkvdeihlrhmctlhldetlbfryqjce/Build/Products/Debug-iphonesimulator/PackageFrameworks -F /Users/vardaan/Library/Developer/Xcode/DerivedData/Fathom-bkvdeihlrhmctlhldetlbfryqjce/Build/Products/Debug-iphonesimulator/PackageFrameworks -F /Users/vardaan/Library/Developer/Xcode/DerivedData/Fathom-bkvdeihlrhmctlhldetlbfryqjce/Build/Products/Debug-iphonesimulator/PackageFrameworks -F /Users/vardaan/Library/Developer/Xcode/DerivedData/Fathom-bkvdeihlrhmctlhldetlbfryqjce/Build/Products/Debug-iphonesimulator/PackageFrameworks -F /Users/vardaan/Library/Developer/Xcode/DerivedData/Fathom-bkvdeihlrhmctlhldetlbfryqjce/Build/Products/Debug-iphonesimulator/PackageFrameworks -F /Users/vardaan/Library/Developer/Xcode/DerivedData/Fathom-bkvdeihlrhmctlhldetlbfryqjce/Build/Products/Debug-iphonesimulator/PackageFrameworks -F /Users/vardaan/Library/Developer/Xcode/DerivedData/Fathom-bkvdeihlrhmctlhldetlbfryqjce/Build/Products/Debug-iphonesimulator/PackageFrameworks -F /Users/vardaan/Library/Developer/Xcode/DerivedData/Fathom-bkvdeihlrhmctlhldetlbfryqjce/Build/Products/Debug-iphonesimulator/PackageFrameworks -F /Users/vardaan/Library/Developer/Xcode/DerivedData/Fathom-bkvdeihlrhmctlhldetlbfryqjce/Build/Products/Debug-iphonesimulator/PackageFrameworks -F /Users/vardaan/Library/Developer/Xcode/DerivedData/Fathom-bkvdeihlrhmctlhldetlbfryqjce/Build/Products/Debug-iphonesimulator/PackageFrameworks -F /Users/vardaan/Library/Developer/Xcode/DerivedData/Fathom-bkvdeihlrhmctlhldetlbfryqjce/Build/Products/Debug-iphonesimulator/PackageFrameworks -F /Users/vardaan/Library/Developer/Xcode/DerivedData/Fathom-bkvdeihlrhmctlhldetlbfryqjce/Build/Products/Debug-iphonesimulator/PackageFrameworks -F /Users/vardaan/Library/Developer/Xcode/DerivedData/Fathom-bkvdeihlrhmctlhldetlbfryqjce/Build/Products/Debug-iphonesimulator/PackageFrameworks -F /Users/vardaan/Library/Developer/Xcode/DerivedData/Fathom-bkvdeihlrhmctlhldetlbfryqjce/Build/Products/Debug-iphonesimulator -no-color-diagnostics -Xcc -fno-color-diagnostics -enable-testing -g -debug-info-format\=dwarf -dwarf-version\=5 -module-cache-path /Users/vardaan/Library/Developer/Xcode/DerivedData/Fathom-bkvdeihlrhmctlhldetlbfryqjce/Build/Intermediates.noindex/SwiftExplicitPrecompiledModules -swift-version 5 -enforce-exclusivity\=checked -Onone -D DEBUG -serialize-debugging-options -const-gather-protocols-file /Users/vardaan/Library/Developer/Xcode/DerivedData/Fathom-bkvdeihlrhmctlhldetlbfryqjce/Build/Intermediates.noindex/Fathom.build/Debug-iphonesimulator/Fathom.build/Objects-normal/arm64/Fathom_const_extract_protocols.json -enable-upcoming-feature DisableOutwardActorInference -enable-upcoming-feature InferSendableFromCaptures -enable-upcoming-feature GlobalActorIsolatedTypesUsability -enable-upcoming-feature MemberImportVisibility -enable-upcoming-feature InferIsolatedConformances -enable-upcoming-feature NonisolatedNonsendingByDefault -enable-experimental-feature DebugDescriptionMacro -enable-bare-slash-regex -default-isolation\=MainActor -empty-abi-descriptor -validate-clang-modules-once -clang-build-session-file /Users/vardaan/Library/Developer/Xcode/DerivedData/ModuleCache.noindex/Session.modulevalidation -Xcc -working-directory -Xcc /Users/vardaan/Projects/fathom/fathom_ios -enable-anonymous-context-mangled-names -file-compilation-dir /Users/vardaan/Projects/fathom/fathom_ios -Xcc -fmodule-map-file\=/Users/vardaan/Library/Developer/Xcode/DerivedData/Fathom-bkvdeihlrhmctlhldetlbfryqjce/SourcePackages/checkouts/GRDB.swift/Sources/GRDBSQLite/module.modulemap -Xcc -fmodule-map-file\=/Users/vardaan/Library/Developer/Xcode/DerivedData/Fathom-bkvdeihlrhmctlhldetlbfryqjce/Build/Intermediates.noindex/GeneratedModuleMaps-iphonesimulator/ReadiumGCDWebServer.modulemap -Xcc -fmodule-map-file\=/Users/vardaan/Library/Developer/Xcode/DerivedData/Fathom-bkvdeihlrhmctlhldetlbfryqjce/Build/Intermediates.noindex/GeneratedModuleMaps-iphonesimulator/Minizip.modulemap -Xcc -D_LIBCPP_HARDENING_MODE\=_LIBCPP_HARDENING_MODE_DEBUG -Xcc -ivfsstatcache -Xcc /Users/vardaan/Library/Developer/Xcode/DerivedData/SDKStatCaches.noindex/iphonesimulator26.2-23C57-7d00a8b37fbd7999ea79df8ebc024bf0.sdkstatcache -Xcc -I/Users/vardaan/Library/Developer/Xcode/DerivedData/Fathom-bkvdeihlrhmctlhldetlbfryqjce/Build/Intermediates.noindex/Fathom.build/Debug-iphonesimulator/Fathom.build/swift-overrides.hmap -Xcc -iquote -Xcc /Users/vardaan/Library/Developer/Xcode/DerivedData/Fathom-bkvdeihlrhmctlhldetlbfryqjce/Build/Intermediates.noindex/Fathom.build/Debug-iphonesimulator/Fathom.build/Fathom-generated-files.hmap -Xcc -I/Users/vardaan/Library/Developer/Xcode/DerivedData/Fathom-bkvdeihlrhmctlhldetlbfryqjce/Build/Intermediates.noindex/Fathom.build/Debug-iphonesimulator/Fathom.build/Fathom-own-target-headers.hmap -Xcc -I/Users/vardaan/Library/Developer/Xcode/DerivedData/Fathom-bkvdeihlrhmctlhldetlbfryqjce/Build/Intermediates.noindex/Fathom.build/Debug-iphonesimulator/Fathom.build/Fathom-all-non-framework-target-headers.hmap -Xcc -ivfsoverlay -Xcc /Users/vardaan/Library/Developer/Xcode/DerivedData/Fathom-bkvdeihlrhmctlhldetlbfryqjce/Build/Intermediates.noindex/Fathom.build/Debug-iphonesimulator/Fathom-53f679797332ef8f94ab82cd6be1453a-VFS-iphonesimulator/all-product-headers.yaml -Xcc -iquote -Xcc /Users/vardaan/Library/Developer/Xcode/DerivedData/Fathom-bkvdeihlrhmctlhldetlbfryqjce/Build/Intermediates.noindex/Fathom.build/Debug-iphonesimulator/Fathom.build/Fathom-project-headers.hmap -Xcc -I/Users/vardaan/Library/Developer/Xcode/DerivedData/Fathom-bkvdeihlrhmctlhldetlbfryqjce/SourcePackages/checkouts/GCDWebServer/GCDWebServer/include -Xcc -I/Users/vardaan/Library/Developer/Xcode/DerivedData/Fathom-bkvdeihlrhmctlhldetlbfryqjce/SourcePackages/checkouts/swift-atomics/Sources/_AtomicsShims/include -Xcc -I/Users/vardaan/Library/Developer/Xcode/DerivedData/Fathom-bkvdeihlrhmctlhldetlbfryqjce/SourcePackages/checkouts/Zip/Zip/minizip/include -Xcc -I/Users/vardaan/Library/Developer/Xcode/DerivedData/Fathom-bkvdeihlrhmctlhldetlbfryqjce/Build/Products/Debug-iphonesimulator/include -Xcc -I/Users/vardaan/Library/Developer/Xcode/DerivedData/Fathom-bkvdeihlrhmctlhldetlbfryqjce/Build/Intermediates.noindex/Fathom.build/Debug-iphonesimulator/Fathom.build/DerivedSources-normal/arm64 -Xcc -I/Users/vardaan/Library/Developer/Xcode/DerivedData/Fathom-bkvdeihlrhmctlhldetlbfryqjce/Build/Intermediates.noindex/Fathom.build/Debug-iphonesimulator/Fathom.build/DerivedSources/arm64 -Xcc -I/Users/vardaan/Library/Developer/Xcode/DerivedData/Fathom-bkvdeihlrhmctlhldetlbfryqjce/Build/Intermediates.noindex/Fathom.build/Debug-iphonesimulator/Fathom.build/DerivedSources -Xcc -DDEBUG\=1 -no-auto-bridging-header-chaining -module-name Fathom -frontend-parseable-output -disable-clang-spi -target-sdk-version 26.2 -target-sdk-name iphonesimulator26.2 -clang-target arm64-apple-ios26.2-simulator -in-process-plugin-server-path /Applications/Xcode.app/Contents/Developer/Toolchains/XcodeDefault.xctoolchain/usr/lib/swift/host/libSwiftInProcPluginServer.dylib -o /Users/vardaan/Library/Developer/Xcode/DerivedData/Fathom-bkvdeihlrhmctlhldetlbfryqjce/Build/Intermediates.noindex/Fathom.build/Debug-iphonesimulator/Fathom.build/Objects-normal/arm64/ImageGradient.o -o /Users/vardaan/Library/Developer/Xcode/DerivedData/Fathom-bkvdeihlrhmctlhldetlbfryqjce/Build/Intermediates.noindex/Fathom.build/Debug-iphonesimulator/Fathom.build/Objects-normal/arm64/ReaderActionButton.o -o /Users/vardaan/Library/Developer/Xcode/DerivedData/Fathom-bkvdeihlrhmctlhldetlbfryqjce/Build/Intermediates.noindex/Fathom.build/Debug-iphonesimulator/Fathom.build/Objects-normal/arm64/ReaderActionMenu.o -o /Users/vardaan/Library/Developer/Xcode/DerivedData/Fathom-bkvdeihlrhmctlhldetlbfryqjce/Build/Intermediates.noindex/Fathom.build/Debug-iphonesimulator/Fathom.build/Objects-normal/arm64/ScrollHeroContentView.o -o /Users/vardaan/Library/Developer/Xcode/DerivedData/Fathom-bkvdeihlrhmctlhldetlbfryqjce/Build/Intermediates.noindex/Fathom.build/Debug-iphonesimulator/Fathom.build/Objects-normal/arm64/ScrollHeroEffect.o -o /Users/vardaan/Library/Developer/Xcode/DerivedData/Fathom-bkvdeihlrhmctlhldetlbfryqjce/Build/Intermediates.noindex/Fathom.build/Debug-iphonesimulator/Fathom.build/Objects-normal/arm64/TableOfContentsSheet.o -index-unit-output-path /Fathom.build/Debug-iphonesimulator/Fathom.build/Objects-normal/arm64/ImageGradient.o -index-unit-output-path /Fathom.build/Debug-iphonesimulator/Fathom.build/Objects-normal/arm64/ReaderActionButton.o -index-unit-output-path /Fathom.build/Debug-iphonesimulator/Fathom.build/Objects-normal/arm64/ReaderActionMenu.o -index-unit-output-path /Fathom.build/Debug-iphonesimulator/Fathom.build/Objects-normal/arm64/ScrollHeroContentView.o -index-unit-output-path /Fathom.build/Debug-iphonesimulator/Fathom.build/Objects-normal/arm64/ScrollHeroEffect.o -index-unit-output-path /Fathom.build/Debug-iphonesimulator/Fathom.build/Objects-normal/arm64/TableOfContentsSheet.o -index-store-path /Users/vardaan/Library/Developer/Xcode/DerivedData/Fathom-bkvdeihlrhmctlhldetlbfryqjce/Index.noindex/DataStore -index-system-modules

SwiftCompile normal arm64 /Users/vardaan/Projects/fathom/fathom_ios/Fathom/UI/Components/ImageGradient.swift (in target 'Fathom' from project 'Fathom')
    cd /Users/vardaan/Projects/fathom/fathom_ios
    

SwiftCompile normal arm64 /Users/vardaan/Projects/fathom/fathom_ios/Fathom/UI/Components/ReaderActionButton.swift (in target 'Fathom' from project 'Fathom')
    cd /Users/vardaan/Projects/fathom/fathom_ios
    

SwiftCompile normal arm64 /Users/vardaan/Projects/fathom/fathom_ios/Fathom/UI/Components/ReaderActionMenu.swift (in target 'Fathom' from project 'Fathom')
    cd /Users/vardaan/Projects/fathom/fathom_ios
    

SwiftCompile normal arm64 /Users/vardaan/Projects/fathom/fathom_ios/Fathom/UI/Components/ScrollHeroContentView.swift (in target 'Fathom' from project 'Fathom')
    cd /Users/vardaan/Projects/fathom/fathom_ios
    

SwiftCompile normal arm64 /Users/vardaan/Projects/fathom/fathom_ios/Fathom/UI/Components/ScrollHeroEffect.swift (in target 'Fathom' from project 'Fathom')
    cd /Users/vardaan/Projects/fathom/fathom_ios
    

SwiftCompile normal arm64 /Users/vardaan/Projects/fathom/fathom_ios/Fathom/UI/Components/TableOfContentsSheet.swift (in target 'Fathom' from project 'Fathom')
    cd /Users/vardaan/Projects/fathom/fathom_ios
    
/Users/vardaan/Projects/fathom/fathom_ios/Fathom/UI/Components/TableOfContentsSheet.swift:19:30: error: incorrect argument label in call (have 'bookID:width:height:', expected 'book:width:height:')
                BookCoverView(bookID: bookID, width: 60, height: 90)
                             ^~~~~~~
                              book
/Users/vardaan/Projects/fathom/fathom_ios/Fathom/UI/Components/TableOfContentsSheet.swift:19:39: error: cannot convert value of type 'UUID' to expected argument type 'HomeBook'
                BookCoverView(bookID: bookID, width: 60, height: 90)
                                      ^

SwiftDriverJobDiscovery normal arm64 Compiling TextAnimators.swift, Toast.swift, BorderBeamEffect.swift, Color+Hex.swift, String+HTML.swift, AppTheme.swift (in target 'Fathom' from project 'Fathom')

SwiftCompile normal x86_64 Compiling\ CategoryRepositorySQLite.swift,\ HighlightStore.swift,\ NarrativeContextStore.swift,\ ReaderSettingsStore.swift /Users/vardaan/Projects/fathom/fathom_ios/Fathom/Data/CategoryRepositorySQLite.swift /Users/vardaan/Projects/fathom/fathom_ios/Fathom/Data/HighlightStore.swift /Users/vardaan/Projects/fathom/fathom_ios/Fathom/Data/NarrativeContextStore.swift /Users/vardaan/Projects/fathom/fathom_ios/Fathom/Data/ReaderSettingsStore.swift (in target 'Fathom' from project 'Fathom')

SwiftCompile normal x86_64 /Users/vardaan/Projects/fathom/fathom_ios/Fathom/Data/CategoryRepositorySQLite.swift (in target 'Fathom' from project 'Fathom')
    cd /Users/vardaan/Projects/fathom/fathom_ios
    
/Users/vardaan/Projects/fathom/fathom_ios/Fathom/Data/CategoryRepositorySQLite.swift:81:31: warning: result of call to 'write' is unused
            try await dbQueue.write { db in
                              ^     ~~~~~~~

SwiftCompile normal x86_64 /Users/vardaan/Projects/fathom/fathom_ios/Fathom/Data/HighlightStore.swift (in target 'Fathom' from project 'Fathom')
    cd /Users/vardaan/Projects/fathom/fathom_ios
    

SwiftCompile normal x86_64 /Users/vardaan/Projects/fathom/fathom_ios/Fathom/Data/NarrativeContextStore.swift (in target 'Fathom' from project 'Fathom')
    cd /Users/vardaan/Projects/fathom/fathom_ios
    
/Users/vardaan/Projects/fathom/fathom_ios/Fathom/Data/NarrativeContextStore.swift:5:72: warning: main actor-isolated static property 'shared' can not be referenced from a nonisolated context
    static let shared = NarrativeContextStore(dbQueue: DatabaseManager.shared.dbQueue)
                                                                       ^
/Users/vardaan/Projects/fathom/fathom_ios/Fathom/Data/Database/DatabaseManager.swift:5:16: note: static property declared here
    static let shared: DatabaseManager = {
               ^

SwiftCompile normal x86_64 /Users/vardaan/Projects/fathom/fathom_ios/Fathom/Data/ReaderSettingsStore.swift (in target 'Fathom' from project 'Fathom')
    cd /Users/vardaan/Projects/fathom/fathom_ios
    

SwiftDriverJobDiscovery normal arm64 Compiling HomeViewModel.swift (in target 'Fathom' from project 'Fathom')

SwiftCompile normal arm64 Compiling\ BookFileStore.swift /Users/vardaan/Projects/fathom/fathom_ios/Fathom/Data/BookFileStore.swift (in target 'Fathom' from project 'Fathom')

SwiftCompile normal arm64 /Users/vardaan/Projects/fathom/fathom_ios/Fathom/Data/BookFileStore.swift (in target 'Fathom' from project 'Fathom')
    cd /Users/vardaan/Projects/fathom/fathom_ios
    

SwiftDriverJobDiscovery normal x86_64 Compiling BookDetailHeroView.swift, BookDetailsScreen.swift, HomeScreen.swift, NewShelfSheet.swift, ReaderOverlay.swift (in target 'Fathom' from project 'Fathom')

SwiftCompile normal arm64 Compiling\ ChunkBuilder.swift,\ EntityReconciler.swift /Users/vardaan/Projects/fathom/fathom_ios/Fathom/ContextEngine/ChunkBuilder.swift /Users/vardaan/Projects/fathom/fathom_ios/Fathom/ContextEngine/EntityReconciler.swift (in target 'Fathom' from project 'Fathom')

SwiftCompile normal arm64 /Users/vardaan/Projects/fathom/fathom_ios/Fathom/ContextEngine/ChunkBuilder.swift (in target 'Fathom' from project 'Fathom')
    cd /Users/vardaan/Projects/fathom/fathom_ios
    

SwiftCompile normal arm64 /Users/vardaan/Projects/fathom/fathom_ios/Fathom/ContextEngine/EntityReconciler.swift (in target 'Fathom' from project 'Fathom')
    cd /Users/vardaan/Projects/fathom/fathom_ios
    

SwiftDriverJobDiscovery normal arm64 Compiling BookFileStore.swift (in target 'Fathom' from project 'Fathom')

SwiftCompile normal arm64 Compiling\ PublicationLoader.swift /Users/vardaan/Projects/fathom/fathom_ios/Fathom/ReaderEngine/PublicationLoader.swift (in target 'Fathom' from project 'Fathom')

SwiftCompile normal arm64 /Users/vardaan/Projects/fathom/fathom_ios/Fathom/ReaderEngine/PublicationLoader.swift (in target 'Fathom' from project 'Fathom')
    cd /Users/vardaan/Projects/fathom/fathom_ios
    

SwiftDriverJobDiscovery normal x86_64 Compiling CategoryRepositorySQLite.swift, HighlightStore.swift, NarrativeContextStore.swift, ReaderSettingsStore.swift (in target 'Fathom' from project 'Fathom')

SwiftCompile normal arm64 Compiling\ ReaderViewModel.swift /Users/vardaan/Projects/fathom/fathom_ios/Fathom/Presentation/ReaderViewModel.swift (in target 'Fathom' from project 'Fathom')

SwiftCompile normal arm64 /Users/vardaan/Projects/fathom/fathom_ios/Fathom/Presentation/ReaderViewModel.swift (in target 'Fathom' from project 'Fathom')
    cd /Users/vardaan/Projects/fathom/fathom_ios
    

SwiftDriverJobDiscovery normal arm64 Compiling PublicationLoader.swift (in target 'Fathom' from project 'Fathom')

SwiftCompile normal arm64 Compiling\ LibraryViewModel.swift /Users/vardaan/Projects/fathom/fathom_ios/Fathom/Presentation/LibraryViewModel.swift (in target 'Fathom' from project 'Fathom')

SwiftCompile normal arm64 /Users/vardaan/Projects/fathom/fathom_ios/Fathom/Presentation/LibraryViewModel.swift (in target 'Fathom' from project 'Fathom')
    cd /Users/vardaan/Projects/fathom/fathom_ios
    

SwiftDriverJobDiscovery normal arm64 Compiling ChunkBuilder.swift, EntityReconciler.swift (in target 'Fathom' from project 'Fathom')

SwiftCompile normal arm64 Compiling\ AppLogger.swift /Users/vardaan/Projects/fathom/fathom_ios/Fathom/Data/AppLogger.swift (in target 'Fathom' from project 'Fathom')

SwiftCompile normal arm64 /Users/vardaan/Projects/fathom/fathom_ios/Fathom/Data/AppLogger.swift (in target 'Fathom' from project 'Fathom')
    cd /Users/vardaan/Projects/fathom/fathom_ios
    

SwiftDriverJobDiscovery normal arm64 Compiling BookCustomization.swift, HomeModels.swift, Models.swift, NarrativeModels.swift, ReadiumNavigatorView.swift, ReadiumStack.swift (in target 'Fathom' from project 'Fathom')

SwiftCompile normal arm64 Compiling\ BookRepositorySQLite.swift /Users/vardaan/Projects/fathom/fathom_ios/Fathom/Data/BookRepositorySQLite.swift (in target 'Fathom' from project 'Fathom')

SwiftCompile normal arm64 /Users/vardaan/Projects/fathom/fathom_ios/Fathom/Data/BookRepositorySQLite.swift (in target 'Fathom' from project 'Fathom')
    cd /Users/vardaan/Projects/fathom/fathom_ios
    

SwiftDriverJobDiscovery normal arm64 Compiling AuthFlowView.swift, EmailEntryView.swift, MagicLinkSentView.swift, BookCategorySection.swift, BookCoverView.swift, CustomTabBar.swift (in target 'Fathom' from project 'Fathom')

SwiftCompile normal arm64 Compiling\ PreprocessingLLMClient.swift /Users/vardaan/Projects/fathom/fathom_ios/Fathom/ContextEngine/PreprocessingLLMClient.swift (in target 'Fathom' from project 'Fathom')

SwiftCompile normal arm64 /Users/vardaan/Projects/fathom/fathom_ios/Fathom/ContextEngine/PreprocessingLLMClient.swift (in target 'Fathom' from project 'Fathom')
    cd /Users/vardaan/Projects/fathom/fathom_ios
    

SwiftDriverJobDiscovery normal arm64 Compiling ReaderViewModel.swift (in target 'Fathom' from project 'Fathom')

SwiftCompile normal x86_64 Compiling\ AppContainer.swift,\ FathomApp.swift,\ BookPreprocessingCoordinator.swift,\ ChunkBuilder.swift /Users/vardaan/Projects/fathom/fathom_ios/Fathom/App/AppContainer.swift /Users/vardaan/Projects/fathom/fathom_ios/Fathom/App/FathomApp.swift /Users/vardaan/Projects/fathom/fathom_ios/Fathom/ContextEngine/BookPreprocessingCoordinator.swift /Users/vardaan/Projects/fathom/fathom_ios/Fathom/ContextEngine/ChunkBuilder.swift (in target 'Fathom' from project 'Fathom')

SwiftCompile normal x86_64 /Users/vardaan/Projects/fathom/fathom_ios/Fathom/App/AppContainer.swift (in target 'Fathom' from project 'Fathom')
    cd /Users/vardaan/Projects/fathom/fathom_ios
    

SwiftCompile normal x86_64 /Users/vardaan/Projects/fathom/fathom_ios/Fathom/App/FathomApp.swift (in target 'Fathom' from project 'Fathom')
    cd /Users/vardaan/Projects/fathom/fathom_ios
    

SwiftCompile normal x86_64 /Users/vardaan/Projects/fathom/fathom_ios/Fathom/ContextEngine/BookPreprocessingCoordinator.swift (in target 'Fathom' from project 'Fathom')
    cd /Users/vardaan/Projects/fathom/fathom_ios
    

SwiftCompile normal x86_64 /Users/vardaan/Projects/fathom/fathom_ios/Fathom/ContextEngine/ChunkBuilder.swift (in target 'Fathom' from project 'Fathom')
    cd /Users/vardaan/Projects/fathom/fathom_ios
    

SwiftDriverJobDiscovery normal arm64 Compiling AppLogger.swift (in target 'Fathom' from project 'Fathom')

SwiftCompile normal arm64 Compiling\ HighlightPanelViews.swift /Users/vardaan/Projects/fathom/fathom_ios/Fathom/ReaderEngine/HighlightPanelViews.swift (in target 'Fathom' from project 'Fathom')

SwiftDriverJobDiscovery normal arm64 Compiling BookRepositorySQLite.swift (in target 'Fathom' from project 'Fathom')

SwiftCompile normal x86_64 Compiling\ ThemeManager.swift,\ View+Theme.swift,\ AIChatsListScreen.swift,\ AICompanionScreen.swift,\ BookCustomizationSheet.swift /Users/vardaan/Projects/fathom/fathom_ios/Fathom/UI/Theme/ThemeManager.swift /Users/vardaan/Projects/fathom/fathom_ios/Fathom/UI/Theme/View+Theme.swift /Users/vardaan/Projects/fathom/fathom_ios/Fathom/UI/AIChatsListScreen.swift /Users/vardaan/Projects/fathom/fathom_ios/Fathom/UI/AICompanionScreen.swift /Users/vardaan/Projects/fathom/fathom_ios/Fathom/UI/BookCustomizationSheet.swift (in target 'Fathom' from project 'Fathom')

SwiftDriverJobDiscovery normal x86_64 Compiling ReaderScreen.swift, ReaderSettingsView.swift, RootView.swift, SettingsView.swift, GeneratedAssetSymbols.swift (in target 'Fathom' from project 'Fathom')

SwiftCompile normal arm64 Compiling\ EnvironmentValues+Theme.swift,\ ThemeManager.swift,\ View+Theme.swift,\ AIChatsListScreen.swift,\ AICompanionScreen.swift,\ BookCustomizationSheet.swift /Users/vardaan/Projects/fathom/fathom_ios/Fathom/UI/Theme/EnvironmentValues+Theme.swift /Users/vardaan/Projects/fathom/fathom_ios/Fathom/UI/Theme/ThemeManager.swift /Users/vardaan/Projects/fathom/fathom_ios/Fathom/UI/Theme/View+Theme.swift /Users/vardaan/Projects/fathom/fathom_ios/Fathom/UI/AIChatsListScreen.swift /Users/vardaan/Projects/fathom/fathom_ios/Fathom/UI/AICompanionScreen.swift /Users/vardaan/Projects/fathom/fathom_ios/Fathom/UI/BookCustomizationSheet.swift (in target 'Fathom' from project 'Fathom')

